Archive member included to satisfy reference by file (symbol)

c:/progra~2/gnuarm~1/102020~1/bin/../lib/gcc/arm-none-eabi/10.2.1/thumb/v6-m/nofp\libgcc.a(_dvmd_tls.o)
                              CMakeFiles/picow_takeover.dir/C_/Users/ben/Documents/GitHub/pico-sdk/src/rp2_common/pico_divider/divider.S.obj (__aeabi_idiv0)
c:/progra~2/gnuarm~1/102020~1/bin/../lib/gcc/arm-none-eabi/10.2.1/../../../../arm-none-eabi/lib/thumb/v6-m/nofp\libc.a(lib_a-atoi.o)
                              CMakeFiles/picow_takeover.dir/C_/Users/ben/Documents/GitHub/pico-sdk/lib/lwip/src/core/netif.c.obj (atoi)
c:/progra~2/gnuarm~1/102020~1/bin/../lib/gcc/arm-none-eabi/10.2.1/../../../../arm-none-eabi/lib/thumb/v6-m/nofp\libc.a(lib_a-calloc.o)
                              CMakeFiles/picow_takeover.dir/C_/Users/ben/Documents/GitHub/pico-sdk/src/rp2_common/pico_malloc/pico_malloc.c.obj (calloc)
c:/progra~2/gnuarm~1/102020~1/bin/../lib/gcc/arm-none-eabi/10.2.1/../../../../arm-none-eabi/lib/thumb/v6-m/nofp\libc.a(lib_a-callocr.o)
                              c:/progra~2/gnuarm~1/102020~1/bin/../lib/gcc/arm-none-eabi/10.2.1/../../../../arm-none-eabi/lib/thumb/v6-m/nofp\libc.a(lib_a-calloc.o) (_calloc_r)
c:/progra~2/gnuarm~1/102020~1/bin/../lib/gcc/arm-none-eabi/10.2.1/../../../../arm-none-eabi/lib/thumb/v6-m/nofp\libc.a(lib_a-ctype_.o)
                              CMakeFiles/picow_takeover.dir/C_/Users/ben/Documents/GitHub/pico-sdk/lib/lwip/src/core/dns.c.obj (_ctype_)
c:/progra~2/gnuarm~1/102020~1/bin/../lib/gcc/arm-none-eabi/10.2.1/../../../../arm-none-eabi/lib/thumb/v6-m/nofp\libc.a(lib_a-impure.o)
                              c:/progra~2/gnuarm~1/102020~1/bin/../lib/gcc/arm-none-eabi/10.2.1/../../../../arm-none-eabi/lib/thumb/v6-m/nofp\libc.a(lib_a-calloc.o) (_impure_ptr)
c:/progra~2/gnuarm~1/102020~1/bin/../lib/gcc/arm-none-eabi/10.2.1/../../../../arm-none-eabi/lib/thumb/v6-m/nofp\libc.a(lib_a-init.o)
                              c:/progra~2/gnuarm~1/102020~1/bin/../lib/gcc/arm-none-eabi/10.2.1/../../../../arm-none-eabi/lib/thumb/v6-m/nofp/crt0.o (__libc_init_array)
c:/progra~2/gnuarm~1/102020~1/bin/../lib/gcc/arm-none-eabi/10.2.1/../../../../arm-none-eabi/lib/thumb/v6-m/nofp\libc.a(lib_a-malloc.o)
                              CMakeFiles/picow_takeover.dir/C_/Users/ben/Documents/GitHub/pico-sdk/src/rp2_common/pico_malloc/pico_malloc.c.obj (malloc)
c:/progra~2/gnuarm~1/102020~1/bin/../lib/gcc/arm-none-eabi/10.2.1/../../../../arm-none-eabi/lib/thumb/v6-m/nofp\libc.a(lib_a-mallocr.o)
                              c:/progra~2/gnuarm~1/102020~1/bin/../lib/gcc/arm-none-eabi/10.2.1/../../../../arm-none-eabi/lib/thumb/v6-m/nofp\libc.a(lib_a-callocr.o) (_malloc_r)
c:/progra~2/gnuarm~1/102020~1/bin/../lib/gcc/arm-none-eabi/10.2.1/../../../../arm-none-eabi/lib/thumb/v6-m/nofp\libc.a(lib_a-memcmp.o)
                              CMakeFiles/picow_takeover.dir/dhcpserver/dhcpserver.c.obj (memcmp)
c:/progra~2/gnuarm~1/102020~1/bin/../lib/gcc/arm-none-eabi/10.2.1/../../../../arm-none-eabi/lib/thumb/v6-m/nofp\libc.a(lib_a-memmove.o)
                              CMakeFiles/picow_takeover.dir/C_/Users/ben/Documents/GitHub/pico-sdk/lib/cyw43-driver/src/cyw43_ll.c.obj (memmove)
c:/progra~2/gnuarm~1/102020~1/bin/../lib/gcc/arm-none-eabi/10.2.1/../../../../arm-none-eabi/lib/thumb/v6-m/nofp\libc.a(lib_a-mlock.o)
                              c:/progra~2/gnuarm~1/102020~1/bin/../lib/gcc/arm-none-eabi/10.2.1/../../../../arm-none-eabi/lib/thumb/v6-m/nofp\libc.a(lib_a-mallocr.o) (__malloc_lock)
c:/progra~2/gnuarm~1/102020~1/bin/../lib/gcc/arm-none-eabi/10.2.1/../../../../arm-none-eabi/lib/thumb/v6-m/nofp\libc.a(lib_a-realloc.o)
                              CMakeFiles/picow_takeover.dir/C_/Users/ben/Documents/GitHub/pico-sdk/src/rp2_common/pico_malloc/pico_malloc.c.obj (realloc)
c:/progra~2/gnuarm~1/102020~1/bin/../lib/gcc/arm-none-eabi/10.2.1/../../../../arm-none-eabi/lib/thumb/v6-m/nofp\libc.a(lib_a-reallocr.o)
                              c:/progra~2/gnuarm~1/102020~1/bin/../lib/gcc/arm-none-eabi/10.2.1/../../../../arm-none-eabi/lib/thumb/v6-m/nofp\libc.a(lib_a-realloc.o) (_realloc_r)
c:/progra~2/gnuarm~1/102020~1/bin/../lib/gcc/arm-none-eabi/10.2.1/../../../../arm-none-eabi/lib/thumb/v6-m/nofp\libc.a(lib_a-sbrkr.o)
                              c:/progra~2/gnuarm~1/102020~1/bin/../lib/gcc/arm-none-eabi/10.2.1/../../../../arm-none-eabi/lib/thumb/v6-m/nofp\libc.a(lib_a-mallocr.o) (_sbrk_r)
c:/progra~2/gnuarm~1/102020~1/bin/../lib/gcc/arm-none-eabi/10.2.1/../../../../arm-none-eabi/lib/thumb/v6-m/nofp\libc.a(lib_a-sscanf.o)
                              CMakeFiles/picow_takeover.dir/picow_takeover.c.obj (sscanf)
c:/progra~2/gnuarm~1/102020~1/bin/../lib/gcc/arm-none-eabi/10.2.1/../../../../arm-none-eabi/lib/thumb/v6-m/nofp\libc.a(lib_a-stdio.o)
                              c:/progra~2/gnuarm~1/102020~1/bin/../lib/gcc/arm-none-eabi/10.2.1/../../../../arm-none-eabi/lib/thumb/v6-m/nofp\libc.a(lib_a-sscanf.o) (__seofread)
[...]
Memory Configuration

Name             Origin             Length             Attributes
FLASH            0x10000000         0x00200000         xr
RAM              0x20000000         0x00040000         xrw
SCRATCH_X        0x20040000         0x00001000         xrw
SCRATCH_Y        0x20041000         0x00001000         xrw
*default*        0x00000000         0xffffffff

Linker script and memory map

LOAD c:/progra~2/gnuarm~1/102020~1/bin/../lib/gcc/arm-none-eabi/10.2.1/thumb/v6-m/nofp/crti.o
LOAD c:/progra~2/gnuarm~1/102020~1/bin/../lib/gcc/arm-none-eabi/10.2.1/thumb/v6-m/nofp/crtbegin.o
LOAD c:/progra~2/gnuarm~1/102020~1/bin/../lib/gcc/arm-none-eabi/10.2.1/../../../../arm-none-eabi/lib/thumb/v6-m/nofp/crt0.o

.flash_begin    0x10000000        0x0
                0x10000000                __flash_binary_start = .

.boot2          0x10000000      0x100
                0x10000000                __boot2_start__ = .
 *(.boot2)
 .boot2         0x10000000      0x100 C:\Users\ben\AppData\Local\Temp\ccs5gdlk.o
                0x10000100                __boot2_end__ = .
                0x00000001                ASSERT (((__boot2_end__ - __boot2_start__) == 0x100), ERROR: Pico second stage bootloader must be 256 bytes in size)

.text           0x10000100    0x1cd88
                0x10000100                __logical_binary_start = .
 *(.vectors)
 .vectors       0x10000100       0xd4 CMakeFiles/picow_takeover.dir/C_/Users/ben/Documents/GitHub/pico-sdk/src/rp2_common/pico_standard_link/crt0.S.obj
                0x10000100                __VECTOR_TABLE
                0x10000100                __vectors
                0x100001c0                isr_invalid
                0x100001c0                __default_isrs_start
                0x100001c2                isr_nmi
                0x100001c4                isr_hardfault
                0x100001c6                isr_svcall
                0x100001c8                isr_pendsv
                0x100001ca                isr_systick
                0x100001cc                isr_irq23
                0x100001cc                isr_irq18
                0x100001cc                isr_irq11
                0x100001cc                isr_irq28
                0x100001cc                isr_irq19
                0x100001cc                isr_irq0
                0x100001cc                isr_irq6
                0x100001cc                isr_irq5
                0x100001cc                isr_irq12
                0x100001cc                isr_irq22
                0x100001cc                isr_irq31
                0x100001cc                isr_irq17
                0x100001cc                isr_irq27
                0x100001cc                isr_irq30
                0x100001cc                isr_irq2
                0x100001cc                isr_irq10
                0x100001cc                isr_irq8
                0x100001cc                isr_irq24
                0x100001cc                isr_irq1
                0x100001cc                isr_irq7
                0x100001cc                isr_irq21
                0x100001cc                isr_irq20
                0x100001cc                isr_irq15
                0x100001cc                isr_irq25
                0x100001cc                isr_irq13
                0x100001cc                __unhandled_user_irq
                0x100001cc                isr_irq4
                0x100001cc                isr_irq16
                0x100001cc                isr_irq29
                0x100001cc                isr_irq26
                0x100001cc                __default_isrs_end
                0x100001cc                isr_irq3
                0x100001cc                isr_irq14
                0x100001cc                isr_irq9
                0x100001d2                unhandled_user_irq_num_in_r0
 *(.binary_info_header)
 .binary_info_header
                0x100001d4       0x14 CMakeFiles/picow_takeover.dir/C_/Users/ben/Documents/GitHub/pico-sdk/src/rp2_common/pico_standard_link/crt0.S.obj
                0x100001e8                __binary_info_header_end = .
 *(.reset)
 .reset         0x100001e8       0xa8 CMakeFiles/picow_takeover.dir/C_/Users/ben/Documents/GitHub/pico-sdk/src/rp2_common/pico_standard_link/crt0.S.obj
                0x100001e8                _entry_point
                0x10000266                __get_current_exception
 .reset         0x10000290       0x30 CMakeFiles/picow_takeover.dir/C_/Users/ben/Documents/GitHub/pico-sdk/src/rp2_common/pico_standard_link/binary_info.c.obj
 *(.init)
 .init          0x100002c0        0x4 c:/progra~2/gnuarm~1/102020~1/bin/../lib/gcc/arm-none-eabi/10.2.1/thumb/v6-m/nofp/crti.o
                0x100002c0                _init
 *(EXCLUDE_FILE(*libm.a: *libc.a:*lib_a-mem*.o *libgcc.a:) .text*)
 .text          0x100002c4       0x48 c:/progra~2/gnuarm~1/102020~1/bin/../lib/gcc/arm-none-eabi/10.2.1/thumb/v6-m/nofp/crtbegin.o
 .text.tcp_server_accept
                0x1000030c       0x90 CMakeFiles/picow_takeover.dir/picow_takeover.c.obj
 .text.tcp_server_poll
                0x1000039c       0x74 CMakeFiles/picow_takeover.dir/picow_takeover.c.obj
 .text.tcp_server_err
                0x10000410       0x6c CMakeFiles/picow_takeover.dir/picow_takeover.c.obj
 .text.tcp_server_sent
                0x1000047c       0x9c CMakeFiles/picow_takeover.dir/picow_takeover.c.obj
 .text.gpio_server_content
                0x10000518      0x368 CMakeFiles/picow_takeover.dir/picow_takeover.c.obj
                0x10000518                gpio_server_content
 .text.tcp_server_recv
                0x10000880      0x2b4 CMakeFiles/picow_takeover.dir/picow_takeover.c.obj
                0x10000880                tcp_server_recv
 .text.startup.main
                0x10000b34      0x1b0 CMakeFiles/picow_takeover.dir/picow_takeover.c.obj
                0x10000b34                main
 .text.dhcp_server_process
                0x10000ce4      0x668 CMakeFiles/picow_takeover.dir/dhcpserver/dhcpserver.c.obj
 .text.dhcp_server_init
                0x1000134c       0x40 CMakeFiles/picow_takeover.dir/dhcpserver/dhcpserver.c.obj
                0x1000134c                dhcp_server_init
 .text.dhcp_server_deinit
                0x1000138c       0x14 CMakeFiles/picow_takeover.dir/dhcpserver/dhcpserver.c.obj
                0x1000138c                dhcp_server_deinit
 .text.dns_server_process
                0x100013a0      0x148 CMakeFiles/picow_takeover.dir/dnsserver/dnsserver.c.obj
 .text.dns_server_init
                0x100014e8       0x48 CMakeFiles/picow_takeover.dir/dnsserver/dnsserver.c.obj
                0x100014e8                dns_server_init
 .text.dns_server_deinit
                0x10001530       0x14 CMakeFiles/picow_takeover.dir/dnsserver/dnsserver.c.obj
                0x10001530                dns_server_deinit
 .text.cyw43_arch_enable_ap_mode
                0x10001544       0x88 CMakeFiles/picow_takeover.dir/C_/Users/ben/Documents/GitHub/pico-sdk/src/rp2_common/pico_cyw43_arch/cyw43_arch.c.obj
                0x10001544                cyw43_arch_enable_ap_mode
 .text.cyw43_hal_generate_laa_mac
                0x100015cc       0x28 CMakeFiles/picow_takeover.dir/C_/Users/ben/Documents/GitHub/pico-sdk/src/rp2_common/pico_cyw43_arch/cyw43_arch.c.obj
                0x100015cc                cyw43_hal_generate_laa_mac
 .text.cyw43_hal_get_mac
                0x100015f4       0x1c CMakeFiles/picow_takeover.dir/C_/Users/ben/Documents/GitHub/pico-sdk/src/rp2_common/pico_cyw43_arch/cyw43_arch.c.obj
                0x100015f4                cyw43_hal_get_mac
 .text.cyw43_arch_gpio_put
                0x10001610       0x14 CMakeFiles/picow_takeover.dir/C_/Users/ben/Documents/GitHub/pico-sdk/src/rp2_common/pico_cyw43_arch/cyw43_arch.c.obj
                0x10001610                cyw43_arch_gpio_put
 .text.cyw43_arch_gpio_get
                0x10001624       0x20 CMakeFiles/picow_takeover.dir/C_/Users/ben/Documents/GitHub/pico-sdk/src/rp2_common/pico_cyw43_arch/cyw43_arch.c.obj
                0x10001624                cyw43_arch_gpio_get
 .text.gpio_irq_handler
                0x10001644       0x58 CMakeFiles/picow_takeover.dir/C_/Users/ben/Documents/GitHub/pico-sdk/src/rp2_common/pico_cyw43_arch/cyw43_arch_poll.c.obj
 .text.cyw43_post_poll_hook
                0x1000169c       0x10 CMakeFiles/picow_takeover.dir/C_/Users/ben/Documents/GitHub/pico-sdk/src/rp2_common/pico_cyw43_arch/cyw43_arch_poll.c.obj
                0x1000169c                cyw43_post_poll_hook
 .text.cyw43_arch_init
                0x100016ac       0x48 CMakeFiles/picow_takeover.dir/C_/Users/ben/Documents/GitHub/pico-sdk/src/rp2_common/pico_cyw43_arch/cyw43_arch_poll.c.obj
                0x100016ac                cyw43_arch_init
 .text.cyw43_arch_deinit
                0x100016f4       0x28 CMakeFiles/picow_takeover.dir/C_/Users/ben/Documents/GitHub/pico-sdk/src/rp2_common/pico_cyw43_arch/cyw43_arch_poll.c.obj
                0x100016f4                cyw43_arch_deinit
 .text.cyw43_schedule_internal_poll_dispatch
                0x1000171c        0xc CMakeFiles/picow_takeover.dir/C_/Users/ben/Documents/GitHub/pico-sdk/src/rp2_common/pico_cyw43_arch/cyw43_arch_poll.c.obj
                0x1000171c                cyw43_schedule_internal_poll_dispatch
 .text.cyw43_arch_poll
                0x10001728       0x78 CMakeFiles/picow_takeover.dir/C_/Users/ben/Documents/GitHub/pico-sdk/src/rp2_common/pico_cyw43_arch/cyw43_arch_poll.c.obj
                0x10001728                cyw43_arch_poll
 .text.startup._retrieve_unique_id_on_boot
                0x100017a0       0x10 CMakeFiles/picow_takeover.dir/C_/Users/ben/Documents/GitHub/pico-sdk/src/rp2_common/pico_unique_id/unique_id.c.obj
 .text.pico_get_unique_board_id
                0x100017b0       0x10 CMakeFiles/picow_takeover.dir/C_/Users/ben/Documents/GitHub/pico-sdk/src/rp2_common/pico_unique_id/unique_id.c.obj
                0x100017b0                pico_get_unique_board_id
 .text.pico_get_unique_board_id_string
                0x100017c0      0x1a8 CMakeFiles/picow_takeover.dir/C_/Users/ben/Documents/GitHub/pico-sdk/src/rp2_common/pico_unique_id/unique_id.c.obj
                0x100017c0                pico_get_unique_board_id_string
 .text.flash_get_unique_id
                0x10001968       0x40 CMakeFiles/picow_takeover.dir/C_/Users/ben/Documents/GitHub/pico-sdk/src/rp2_common/hardware_flash/flash.c.obj
                0x10001968                flash_get_unique_id
 .text.hw_claim_lock
                0x100019a8       0x18 CMakeFiles/picow_takeover.dir/C_/Users/ben/Documents/GitHub/pico-sdk/src/rp2_common/hardware_claim/claim.c.obj
                0x100019a8                hw_claim_lock
 .text.hw_claim_unlock
                0x100019c0       0x14 CMakeFiles/picow_takeover.dir/C_/Users/ben/Documents/GitHub/pico-sdk/src/rp2_common/hardware_claim/claim.c.obj
                0x100019c0                hw_claim_unlock
 .text.hw_claim_or_assert
                0x100019d4       0x44 CMakeFiles/picow_takeover.dir/C_/Users/ben/Documents/GitHub/pico-sdk/src/rp2_common/hardware_claim/claim.c.obj
                0x100019d4                hw_claim_or_assert
 .text.hw_claim_unused_from_range
                0x10001a18       0x9c CMakeFiles/picow_takeover.dir/C_/Users/ben/Documents/GitHub/pico-sdk/src/rp2_common/hardware_claim/claim.c.obj
                0x10001a18                hw_claim_unused_from_range
 .text.hw_claim_clear
                0x10001ab4       0x38 CMakeFiles/picow_takeover.dir/C_/Users/ben/Documents/GitHub/pico-sdk/src/rp2_common/hardware_claim/claim.c.obj
                0x10001ab4                hw_claim_clear
 .text.running_on_fpga
                0x10001aec       0x10 CMakeFiles/picow_takeover.dir/C_/Users/ben/Documents/GitHub/pico-sdk/src/rp2_common/pico_platform/platform.c.obj
                0x10001aec                running_on_fpga
 .text.spin_locks_reset
                0x10001afc       0x1c CMakeFiles/picow_takeover.dir/C_/Users/ben/Documents/GitHub/pico-sdk/src/rp2_common/hardware_sync/sync.c.obj
                0x10001afc                spin_locks_reset
 .text.next_striped_spin_lock_num
                0x10001b18       0x18 CMakeFiles/picow_takeover.dir/C_/Users/ben/Documents/GitHub/pico-sdk/src/rp2_common/hardware_sync/sync.c.obj
                0x10001b18                next_striped_spin_lock_num
 .text.spin_lock_claim_unused
                0x10001b30       0x20 CMakeFiles/picow_takeover.dir/C_/Users/ben/Documents/GitHub/pico-sdk/src/rp2_common/hardware_sync/sync.c.obj
                0x10001b30                spin_lock_claim_unused
 .text.rom_func_lookup
                0x10001b50       0x10 CMakeFiles/picow_takeover.dir/C_/Users/ben/Documents/GitHub/pico-sdk/src/rp2_common/pico_bootrom/bootrom.c.obj
                0x10001b50                rom_func_lookup
 .text.rom_data_lookup
                0x10001b60       0x10 CMakeFiles/picow_takeover.dir/C_/Users/ben/Documents/GitHub/pico-sdk/src/rp2_common/pico_bootrom/bootrom.c.obj
                0x10001b60                rom_data_lookup
 .text.rom_funcs_lookup
                0x10001b70       0x44 CMakeFiles/picow_takeover.dir/C_/Users/ben/Documents/GitHub/pico-sdk/src/rp2_common/pico_bootrom/bootrom.c.obj
                0x10001b70                rom_funcs_lookup
 .text.ns_delay.constprop.0
                0x10001bb4       0x20 CMakeFiles/picow_takeover.dir/C_/Users/ben/Documents/GitHub/pico-sdk/src/rp2_common/cyw43_driver/cyw43_bus_pio_spi.c.obj
 .text.cyw43_spi_init
                0x10001bd4      0x1c8 CMakeFiles/picow_takeover.dir/C_/Users/ben/Documents/GitHub/pico-sdk/src/rp2_common/cyw43_driver/cyw43_bus_pio_spi.c.obj
                0x10001bd4                cyw43_spi_init
 .text.cyw43_spi_deinit
                0x10001d9c       0x6c CMakeFiles/picow_takeover.dir/C_/Users/ben/Documents/GitHub/pico-sdk/src/rp2_common/cyw43_driver/cyw43_bus_pio_spi.c.obj
                0x10001d9c                cyw43_spi_deinit
 .text.cyw43_spi_transfer
                0x10001e08      0x3ac CMakeFiles/picow_takeover.dir/C_/Users/ben/Documents/GitHub/pico-sdk/src/rp2_common/cyw43_driver/cyw43_bus_pio_spi.c.obj
                0x10001e08                cyw43_spi_transfer
 .text.cyw43_spi_gpio_setup
                0x100021b4       0x3c CMakeFiles/picow_takeover.dir/C_/Users/ben/Documents/GitHub/pico-sdk/src/rp2_common/cyw43_driver/cyw43_bus_pio_spi.c.obj
                0x100021b4                cyw43_spi_gpio_setup
 .text.cyw43_spi_reset
                0x100021f0       0x28 CMakeFiles/picow_takeover.dir/C_/Users/ben/Documents/GitHub/pico-sdk/src/rp2_common/cyw43_driver/cyw43_bus_pio_spi.c.obj
                0x100021f0                cyw43_spi_reset
 .text.read_reg_u32_swap
                0x10002218       0x3c CMakeFiles/picow_takeover.dir/C_/Users/ben/Documents/GitHub/pico-sdk/src/rp2_common/cyw43_driver/cyw43_bus_pio_spi.c.obj
                0x10002218                read_reg_u32_swap
 .text.cyw43_read_reg_u32
                0x10002254       0x6c CMakeFiles/picow_takeover.dir/C_/Users/ben/Documents/GitHub/pico-sdk/src/rp2_common/cyw43_driver/cyw43_bus_pio_spi.c.obj
                0x10002254                cyw43_read_reg_u32
 .text.cyw43_read_reg_u16
                0x100022c0       0x6c CMakeFiles/picow_takeover.dir/C_/Users/ben/Documents/GitHub/pico-sdk/src/rp2_common/cyw43_driver/cyw43_bus_pio_spi.c.obj
                0x100022c0                cyw43_read_reg_u16
 .text.cyw43_read_reg_u8
                0x1000232c       0x6c CMakeFiles/picow_takeover.dir/C_/Users/ben/Documents/GitHub/pico-sdk/src/rp2_common/cyw43_driver/cyw43_bus_pio_spi.c.obj
                0x1000232c                cyw43_read_reg_u8
 .text.write_reg_u32_swap
                0x10002398      0x1c4 CMakeFiles/picow_takeover.dir/C_/Users/ben/Documents/GitHub/pico-sdk/src/rp2_common/cyw43_driver/cyw43_bus_pio_spi.c.obj
                0x10002398                write_reg_u32_swap
 .text.cyw43_write_reg_u32
                0x1000255c      0x1e8 CMakeFiles/picow_takeover.dir/C_/Users/ben/Documents/GitHub/pico-sdk/src/rp2_common/cyw43_driver/cyw43_bus_pio_spi.c.obj
                0x1000255c                cyw43_write_reg_u32
 .text.cyw43_write_reg_u16
                0x10002744      0x1e8 CMakeFiles/picow_takeover.dir/C_/Users/ben/Documents/GitHub/pico-sdk/src/rp2_common/cyw43_driver/cyw43_bus_pio_spi.c.obj
                0x10002744                cyw43_write_reg_u16
 .text.cyw43_write_reg_u8
                0x1000292c      0x1e8 CMakeFiles/picow_takeover.dir/C_/Users/ben/Documents/GitHub/pico-sdk/src/rp2_common/cyw43_driver/cyw43_bus_pio_spi.c.obj
                0x1000292c                cyw43_write_reg_u8
 .text.cyw43_read_bytes
                0x10002b14       0x8c CMakeFiles/picow_takeover.dir/C_/Users/ben/Documents/GitHub/pico-sdk/src/rp2_common/cyw43_driver/cyw43_bus_pio_spi.c.obj
                0x10002b14                cyw43_read_bytes
 .text.cyw43_write_bytes
                0x10002ba0       0xd8 CMakeFiles/picow_takeover.dir/C_/Users/ben/Documents/GitHub/pico-sdk/src/rp2_common/cyw43_driver/cyw43_bus_pio_spi.c.obj
                0x10002ba0                cyw43_write_bytes
 .text.cyw43_set_backplane_window
                0x10002c78       0x64 CMakeFiles/picow_takeover.dir/C_/Users/ben/Documents/GitHub/pico-sdk/lib/cyw43-driver/src/cyw43_ll.c.obj
 .text.cyw43_ll_parse_async_event
                0x10002cdc      0x13c CMakeFiles/picow_takeover.dir/C_/Users/ben/Documents/GitHub/pico-sdk/lib/cyw43-driver/src/cyw43_ll.c.obj
 .text.cyw43_kso_set
                0x10002e18       0xa0 CMakeFiles/picow_takeover.dir/C_/Users/ben/Documents/GitHub/pico-sdk/lib/cyw43-driver/src/cyw43_ll.c.obj
 .text.cyw43_ll_sdpcm_poll_device
                0x10002eb8      0x244 CMakeFiles/picow_takeover.dir/C_/Users/ben/Documents/GitHub/pico-sdk/lib/cyw43-driver/src/cyw43_ll.c.obj
 .text.cyw43_sdpcm_send_common
                0x100030fc       0xf4 CMakeFiles/picow_takeover.dir/C_/Users/ben/Documents/GitHub/pico-sdk/lib/cyw43-driver/src/cyw43_ll.c.obj
 .text.cyw43_do_ioctl
                0x100031f0      0x124 CMakeFiles/picow_takeover.dir/C_/Users/ben/Documents/GitHub/pico-sdk/lib/cyw43-driver/src/cyw43_ll.c.obj
 .text.cyw43_do_ioctl.constprop.0
                0x10003314      0x120 CMakeFiles/picow_takeover.dir/C_/Users/ben/Documents/GitHub/pico-sdk/lib/cyw43-driver/src/cyw43_ll.c.obj
 .text.reset_device_core.constprop.0
                0x10003434      0x3f0 CMakeFiles/picow_takeover.dir/C_/Users/ben/Documents/GitHub/pico-sdk/lib/cyw43-driver/src/cyw43_ll.c.obj
 .text.cyw43_ll_init
                0x10003824       0x18 CMakeFiles/picow_takeover.dir/C_/Users/ben/Documents/GitHub/pico-sdk/lib/cyw43-driver/src/cyw43_ll.c.obj
                0x10003824                cyw43_ll_init
 .text.cyw43_ll_deinit
                0x1000383c        0x8 CMakeFiles/picow_takeover.dir/C_/Users/ben/Documents/GitHub/pico-sdk/lib/cyw43-driver/src/cyw43_ll.c.obj
                0x1000383c                cyw43_ll_deinit
 .text.cyw43_ll_send_ethernet
                0x10003844       0x60 CMakeFiles/picow_takeover.dir/C_/Users/ben/Documents/GitHub/pico-sdk/lib/cyw43-driver/src/cyw43_ll.c.obj
                0x10003844                cyw43_ll_send_ethernet
 .text.cyw43_ll_process_packets
                0x100038a4       0x68 CMakeFiles/picow_takeover.dir/C_/Users/ben/Documents/GitHub/pico-sdk/lib/cyw43-driver/src/cyw43_ll.c.obj
                0x100038a4                cyw43_ll_process_packets
 .text.cyw43_ll_ioctl
                0x1000390c       0x20 CMakeFiles/picow_takeover.dir/C_/Users/ben/Documents/GitHub/pico-sdk/lib/cyw43-driver/src/cyw43_ll.c.obj
                0x1000390c                cyw43_ll_ioctl
 .text.cyw43_ll_bus_sleep
                0x1000392c       0x34 CMakeFiles/picow_takeover.dir/C_/Users/ben/Documents/GitHub/pico-sdk/lib/cyw43-driver/src/cyw43_ll.c.obj
                0x1000392c                cyw43_ll_bus_sleep
 .text.cyw43_ll_bus_init
                0x10003960      0xcb8 CMakeFiles/picow_takeover.dir/C_/Users/ben/Documents/GitHub/pico-sdk/lib/cyw43-driver/src/cyw43_ll.c.obj
                0x10003960                cyw43_ll_bus_init
 .text.cyw43_ll_wifi_on
                0x10004618      0x2b0 CMakeFiles/picow_takeover.dir/C_/Users/ben/Documents/GitHub/pico-sdk/lib/cyw43-driver/src/cyw43_ll.c.obj
                0x10004618                cyw43_ll_wifi_on
 .text.cyw43_ll_wifi_get_mac
                0x100048c8       0x44 CMakeFiles/picow_takeover.dir/C_/Users/ben/Documents/GitHub/pico-sdk/lib/cyw43-driver/src/cyw43_ll.c.obj
                0x100048c8                cyw43_ll_wifi_get_mac
 .text.cyw43_ll_wifi_pm
                0x1000490c      0x194 CMakeFiles/picow_takeover.dir/C_/Users/ben/Documents/GitHub/pico-sdk/lib/cyw43-driver/src/cyw43_ll.c.obj
                0x1000490c                cyw43_ll_wifi_pm
 .text.cyw43_ll_wifi_set_wpa_auth
                0x10004aa0       0x2c CMakeFiles/picow_takeover.dir/C_/Users/ben/Documents/GitHub/pico-sdk/lib/cyw43-driver/src/cyw43_ll.c.obj
                0x10004aa0                cyw43_ll_wifi_set_wpa_auth
 .text.cyw43_ll_wifi_rejoin
                0x10004acc       0x1c CMakeFiles/picow_takeover.dir/C_/Users/ben/Documents/GitHub/pico-sdk/lib/cyw43-driver/src/cyw43_ll.c.obj
                0x10004acc                cyw43_ll_wifi_rejoin
 .text.cyw43_ll_wifi_ap_init
                0x10004ae8      0x2c4 CMakeFiles/picow_takeover.dir/C_/Users/ben/Documents/GitHub/pico-sdk/lib/cyw43-driver/src/cyw43_ll.c.obj
                0x10004ae8                cyw43_ll_wifi_ap_init
 .text.cyw43_ll_wifi_ap_set_up
                0x10004dac       0x54 CMakeFiles/picow_takeover.dir/C_/Users/ben/Documents/GitHub/pico-sdk/lib/cyw43-driver/src/cyw43_ll.c.obj
                0x10004dac                cyw43_ll_wifi_ap_set_up
 .text.cyw43_ll_gpio_set
                0x10004e00       0x6c CMakeFiles/picow_takeover.dir/C_/Users/ben/Documents/GitHub/pico-sdk/lib/cyw43-driver/src/cyw43_ll.c.obj
                0x10004e00                cyw43_ll_gpio_set
 .text.cyw43_ll_gpio_get
                0x10004e6c       0x6c CMakeFiles/picow_takeover.dir/C_/Users/ben/Documents/GitHub/pico-sdk/lib/cyw43-driver/src/cyw43_ll.c.obj
                0x10004e6c                cyw43_ll_gpio_get
 .text.cyw43_ll_has_work
                0x10004ed8       0x14 CMakeFiles/picow_takeover.dir/C_/Users/ben/Documents/GitHub/pico-sdk/lib/cyw43-driver/src/cyw43_ll.c.obj
                0x10004ed8                cyw43_ll_has_work
 .text.cyw43_netif_init
                0x10004eec       0x3c CMakeFiles/picow_takeover.dir/C_/Users/ben/Documents/GitHub/pico-sdk/lib/cyw43-driver/src/cyw43_lwip.c.obj
 .text.cyw43_netif_output
                0x10004f28       0x34 CMakeFiles/picow_takeover.dir/C_/Users/ben/Documents/GitHub/pico-sdk/lib/cyw43-driver/src/cyw43_lwip.c.obj
 .text.cyw43_cb_tcpip_init
                0x10004f5c       0xfc CMakeFiles/picow_takeover.dir/C_/Users/ben/Documents/GitHub/pico-sdk/lib/cyw43-driver/src/cyw43_lwip.c.obj
                0x10004f5c                cyw43_cb_tcpip_init
 .text.cyw43_cb_tcpip_deinit
                0x10005058       0x4c CMakeFiles/picow_takeover.dir/C_/Users/ben/Documents/GitHub/pico-sdk/lib/cyw43-driver/src/cyw43_lwip.c.obj
                0x10005058                cyw43_cb_tcpip_deinit
 .text.cyw43_cb_process_ethernet
                0x100050a4       0x68 CMakeFiles/picow_takeover.dir/C_/Users/ben/Documents/GitHub/pico-sdk/lib/cyw43-driver/src/cyw43_lwip.c.obj
                0x100050a4                cyw43_cb_process_ethernet
 .text.cyw43_cb_tcpip_set_link_up
                0x1000510c       0x18 CMakeFiles/picow_takeover.dir/C_/Users/ben/Documents/GitHub/pico-sdk/lib/cyw43-driver/src/cyw43_lwip.c.obj
                0x1000510c                cyw43_cb_tcpip_set_link_up
 .text.cyw43_cb_tcpip_set_link_down
                0x10005124       0x18 CMakeFiles/picow_takeover.dir/C_/Users/ben/Documents/GitHub/pico-sdk/lib/cyw43-driver/src/cyw43_lwip.c.obj
                0x10005124                cyw43_cb_tcpip_set_link_down
 .text.cyw43_poll_func
                0x1000513c       0xbc CMakeFiles/picow_takeover.dir/C_/Users/ben/Documents/GitHub/pico-sdk/lib/cyw43-driver/src/cyw43_ctrl.c.obj
 .text.cyw43_init
                0x100051f8       0x6c CMakeFiles/picow_takeover.dir/C_/Users/ben/Documents/GitHub/pico-sdk/lib/cyw43-driver/src/cyw43_ctrl.c.obj
                0x100051f8                cyw43_init
 .text.cyw43_deinit
                0x10005264       0x84 CMakeFiles/picow_takeover.dir/C_/Users/ben/Documents/GitHub/pico-sdk/lib/cyw43-driver/src/cyw43_ctrl.c.obj
                0x10005264                cyw43_deinit
 .text.cyw43_cb_read_host_interrupt_pin
                0x100052e8        0xc CMakeFiles/picow_takeover.dir/C_/Users/ben/Documents/GitHub/pico-sdk/lib/cyw43-driver/src/cyw43_ctrl.c.obj
                0x100052e8                cyw43_cb_read_host_interrupt_pin
 .text.cyw43_cb_ensure_awake
                0x100052f4        0xc CMakeFiles/picow_takeover.dir/C_/Users/ben/Documents/GitHub/pico-sdk/lib/cyw43-driver/src/cyw43_ctrl.c.obj
                0x100052f4                cyw43_cb_ensure_awake
 .text.cyw43_cb_process_async_event
                0x10005300      0x238 CMakeFiles/picow_takeover.dir/C_/Users/ben/Documents/GitHub/pico-sdk/lib/cyw43-driver/src/cyw43_ctrl.c.obj
                0x10005300                cyw43_cb_process_async_event
 .text.cyw43_send_ethernet
                0x10005538       0xc0 CMakeFiles/picow_takeover.dir/C_/Users/ben/Documents/GitHub/pico-sdk/lib/cyw43-driver/src/cyw43_ctrl.c.obj
                0x10005538                cyw43_send_ethernet
 .text.cyw43_wifi_get_mac
                0x100055f8       0x10 CMakeFiles/picow_takeover.dir/C_/Users/ben/Documents/GitHub/pico-sdk/lib/cyw43-driver/src/cyw43_ctrl.c.obj
                0x100055f8                cyw43_wifi_get_mac
 .text.cyw43_wifi_set_up
                0x10005608      0x2c8 CMakeFiles/picow_takeover.dir/C_/Users/ben/Documents/GitHub/pico-sdk/lib/cyw43-driver/src/cyw43_ctrl.c.obj
                0x10005608                cyw43_wifi_set_up
 .text.cyw43_gpio_set
                0x100058d0       0x94 CMakeFiles/picow_takeover.dir/C_/Users/ben/Documents/GitHub/pico-sdk/lib/cyw43-driver/src/cyw43_ctrl.c.obj
                0x100058d0                cyw43_gpio_set
 .text.cyw43_gpio_get
                0x10005964       0x94 CMakeFiles/picow_takeover.dir/C_/Users/ben/Documents/GitHub/pico-sdk/lib/cyw43-driver/src/cyw43_ctrl.c.obj
                0x10005964                cyw43_gpio_get
 .text.gpio_set_function
                0x100059f8       0x30 CMakeFiles/picow_takeover.dir/C_/Users/ben/Documents/GitHub/pico-sdk/src/rp2_common/hardware_gpio/gpio.c.obj
                0x100059f8                gpio_set_function
 .text.gpio_set_pulls
                0x10005a28       0x30 CMakeFiles/picow_takeover.dir/C_/Users/ben/Documents/GitHub/pico-sdk/src/rp2_common/hardware_gpio/gpio.c.obj
                0x10005a28                gpio_set_pulls
 .text.gpio_set_input_hysteresis_enabled
                0x10005a58       0x28 CMakeFiles/picow_takeover.dir/C_/Users/ben/Documents/GitHub/pico-sdk/src/rp2_common/hardware_gpio/gpio.c.obj
                0x10005a58                gpio_set_input_hysteresis_enabled
 .text.gpio_set_irq_enabled
                0x10005a80       0x54 CMakeFiles/picow_takeover.dir/C_/Users/ben/Documents/GitHub/pico-sdk/src/rp2_common/hardware_gpio/gpio.c.obj
                0x10005a80                gpio_set_irq_enabled
 .text.gpio_add_raw_irq_handler_with_order_priority_masked
                0x10005ad4       0x44 CMakeFiles/picow_takeover.dir/C_/Users/ben/Documents/GitHub/pico-sdk/src/rp2_common/hardware_gpio/gpio.c.obj
                0x10005ad4                gpio_add_raw_irq_handler_with_order_priority_masked
 .text.gpio_remove_raw_irq_handler_masked
                0x10005b18       0x20 CMakeFiles/picow_takeover.dir/C_/Users/ben/Documents/GitHub/pico-sdk/src/rp2_common/hardware_gpio/gpio.c.obj
                0x10005b18                gpio_remove_raw_irq_handler_masked
 .text.gpio_set_input_enabled
                0x10005b38       0x28 CMakeFiles/picow_takeover.dir/C_/Users/ben/Documents/GitHub/pico-sdk/src/rp2_common/hardware_gpio/gpio.c.obj
                0x10005b38                gpio_set_input_enabled
 .text.gpio_init
                0x10005b60       0x3c CMakeFiles/picow_takeover.dir/C_/Users/ben/Documents/GitHub/pico-sdk/src/rp2_common/hardware_gpio/gpio.c.obj
                0x10005b60                gpio_init
 .text.irq_set_enabled
                0x10005b9c       0x24 CMakeFiles/picow_takeover.dir/C_/Users/ben/Documents/GitHub/pico-sdk/src/rp2_common/hardware_irq/irq.c.obj
                0x10005b9c                irq_set_enabled
 .text.irq_set_pending
                0x10005bc0       0x10 CMakeFiles/picow_takeover.dir/C_/Users/ben/Documents/GitHub/pico-sdk/src/rp2_common/hardware_irq/irq.c.obj
                0x10005bc0                irq_set_pending
 .text.irq_has_shared_handler
                0x10005bd0       0x2c CMakeFiles/picow_takeover.dir/C_/Users/ben/Documents/GitHub/pico-sdk/src/rp2_common/hardware_irq/irq.c.obj
                0x10005bd0                irq_has_shared_handler
 .text.irq_get_vtable_handler
                0x10005bfc       0x10 CMakeFiles/picow_takeover.dir/C_/Users/ben/Documents/GitHub/pico-sdk/src/rp2_common/hardware_irq/irq.c.obj
                0x10005bfc                irq_get_vtable_handler
 .text.irq_set_exclusive_handler
                0x10005c0c       0x54 CMakeFiles/picow_takeover.dir/C_/Users/ben/Documents/GitHub/pico-sdk/src/rp2_common/hardware_irq/irq.c.obj
                0x10005c0c                irq_set_exclusive_handler
 .text.irq_add_shared_handler
                0x10005c60      0x1e4 CMakeFiles/picow_takeover.dir/C_/Users/ben/Documents/GitHub/pico-sdk/src/rp2_common/hardware_irq/irq.c.obj
                0x10005c60                irq_add_shared_handler
 .text.irq_remove_handler
                0x10005e44      0x1b4 CMakeFiles/picow_takeover.dir/C_/Users/ben/Documents/GitHub/pico-sdk/src/rp2_common/hardware_irq/irq.c.obj
                0x10005e44                irq_remove_handler
 .text.irq_add_tail_to_free_list
                0x10005ff8       0xb4 CMakeFiles/picow_takeover.dir/C_/Users/ben/Documents/GitHub/pico-sdk/src/rp2_common/hardware_irq/irq.c.obj
                0x10005ff8                irq_add_tail_to_free_list
 .text.irq_init_priorities
                0x100060ac       0x24 CMakeFiles/picow_takeover.dir/C_/Users/ben/Documents/GitHub/pico-sdk/src/rp2_common/hardware_irq/irq.c.obj
                0x100060ac                irq_init_priorities
 .text.user_irq_claim_unused
                0x100060d0       0x30 CMakeFiles/picow_takeover.dir/C_/Users/ben/Documents/GitHub/pico-sdk/src/rp2_common/hardware_irq/irq.c.obj
                0x100060d0                user_irq_claim_unused
 .text.lock_init
                0x10006100       0x10 CMakeFiles/picow_takeover.dir/C_/Users/ben/Documents/GitHub/pico-sdk/src/common/pico_sync/lock_core.c.obj
                0x10006100                lock_init
 .text.timer_pool_entry_comparator
                0x10006110       0x34 CMakeFiles/picow_takeover.dir/C_/Users/ben/Documents/GitHub/pico-sdk/src/common/pico_time/time.c.obj
                0x10006110                timer_pool_entry_comparator
 .text.sleep_until_callback
                0x10006144       0x30 CMakeFiles/picow_takeover.dir/C_/Users/ben/Documents/GitHub/pico-sdk/src/common/pico_time/time.c.obj
 .text.add_alarm_under_lock.isra.0
                0x10006174      0x100 CMakeFiles/picow_takeover.dir/C_/Users/ben/Documents/GitHub/pico-sdk/src/common/pico_time/time.c.obj
 .text.alarm_pool_alarm_callback
                0x10006274      0x1c8 CMakeFiles/picow_takeover.dir/C_/Users/ben/Documents/GitHub/pico-sdk/src/common/pico_time/time.c.obj
 .text.alarm_pool_add_alarm_at.constprop.0
                0x1000643c      0x11c CMakeFiles/picow_takeover.dir/C_/Users/ben/Documents/GitHub/pico-sdk/src/common/pico_time/time.c.obj
 .text.alarm_pool_init_default
                0x10006558       0x64 CMakeFiles/picow_takeover.dir/C_/Users/ben/Documents/GitHub/pico-sdk/src/common/pico_time/time.c.obj
                0x10006558                alarm_pool_init_default
 .text.alarm_pool_get_default
                0x100065bc        0x8 CMakeFiles/picow_takeover.dir/C_/Users/ben/Documents/GitHub/pico-sdk/src/common/pico_time/time.c.obj
                0x100065bc                alarm_pool_get_default
 .text.alarm_pool_add_alarm_at
                0x100065c4      0x198 CMakeFiles/picow_takeover.dir/C_/Users/ben/Documents/GitHub/pico-sdk/src/common/pico_time/time.c.obj
                0x100065c4                alarm_pool_add_alarm_at
 .text.sleep_until
                0x1000675c       0xac CMakeFiles/picow_takeover.dir/C_/Users/ben/Documents/GitHub/pico-sdk/src/common/pico_time/time.c.obj
                0x1000675c                sleep_until
 .text.sleep_us
                0x10006808       0x30 CMakeFiles/picow_takeover.dir/C_/Users/ben/Documents/GitHub/pico-sdk/src/common/pico_time/time.c.obj
                0x10006808                sleep_us
 .text.sleep_ms
                0x10006838       0x38 CMakeFiles/picow_takeover.dir/C_/Users/ben/Documents/GitHub/pico-sdk/src/common/pico_time/time.c.obj
                0x10006838                sleep_ms
 .text.best_effort_wfe_or_timeout
                0x10006870       0xd4 CMakeFiles/picow_takeover.dir/C_/Users/ben/Documents/GitHub/pico-sdk/src/common/pico_time/time.c.obj
                0x10006870                best_effort_wfe_or_timeout
 .text.hardware_alarm_irq_handler
                0x10006944       0xb8 CMakeFiles/picow_takeover.dir/C_/Users/ben/Documents/GitHub/pico-sdk/src/rp2_common/hardware_timer/timer.c.obj
 .text.hardware_alarm_claim
                0x100069fc       0x18 CMakeFiles/picow_takeover.dir/C_/Users/ben/Documents/GitHub/pico-sdk/src/rp2_common/hardware_timer/timer.c.obj
                0x100069fc                hardware_alarm_claim
 .text.time_us_64
                0x10006a14       0x14 CMakeFiles/picow_takeover.dir/C_/Users/ben/Documents/GitHub/pico-sdk/src/rp2_common/hardware_timer/timer.c.obj
                0x10006a14                time_us_64
 .text.busy_wait_until
                0x10006a28       0x20 CMakeFiles/picow_takeover.dir/C_/Users/ben/Documents/GitHub/pico-sdk/src/rp2_common/hardware_timer/timer.c.obj
                0x10006a28                busy_wait_until
 .text.hardware_alarm_set_callback
                0x10006a48       0x8c CMakeFiles/picow_takeover.dir/C_/Users/ben/Documents/GitHub/pico-sdk/src/rp2_common/hardware_timer/timer.c.obj
                0x10006a48                hardware_alarm_set_callback
 .text.hardware_alarm_set_target
                0x10006ad4       0xe0 CMakeFiles/picow_takeover.dir/C_/Users/ben/Documents/GitHub/pico-sdk/src/rp2_common/hardware_timer/timer.c.obj
                0x10006ad4                hardware_alarm_set_target
 .text.hardware_alarm_cancel
                0x10006bb4       0x3c CMakeFiles/picow_takeover.dir/C_/Users/ben/Documents/GitHub/pico-sdk/src/rp2_common/hardware_timer/timer.c.obj
                0x10006bb4                hardware_alarm_cancel
 .text.ph_merge_nodes
                0x10006bf0       0x68 CMakeFiles/picow_takeover.dir/C_/Users/ben/Documents/GitHub/pico-sdk/src/common/pico_util/pheap.c.obj
 .text.ph_post_alloc_init
                0x10006c58       0x3c CMakeFiles/picow_takeover.dir/C_/Users/ben/Documents/GitHub/pico-sdk/src/common/pico_util/pheap.c.obj
                0x10006c58                ph_post_alloc_init
 .text.ph_merge_two_pass
                0x10006c94       0x90 CMakeFiles/picow_takeover.dir/C_/Users/ben/Documents/GitHub/pico-sdk/src/common/pico_util/pheap.c.obj
                0x10006c94                ph_merge_two_pass
 .text.ph_remove_any_head
                0x10006d24       0xf8 CMakeFiles/picow_takeover.dir/C_/Users/ben/Documents/GitHub/pico-sdk/src/common/pico_util/pheap.c.obj
 .text.ph_remove_head
                0x10006e1c       0xfc CMakeFiles/picow_takeover.dir/C_/Users/ben/Documents/GitHub/pico-sdk/src/common/pico_util/pheap.c.obj
                0x10006e1c                ph_remove_head
 .text.ph_remove_and_free_node
                0x10006f18       0x7c CMakeFiles/picow_takeover.dir/C_/Users/ben/Documents/GitHub/pico-sdk/src/common/pico_util/pheap.c.obj
                0x10006f18                ph_remove_and_free_node
 .text.mutex_init
                0x10006f94       0x1c CMakeFiles/picow_takeover.dir/C_/Users/ben/Documents/GitHub/pico-sdk/src/common/pico_sync/mutex.c.obj
                0x10006f94                mutex_init
 .text.recursive_mutex_init
                0x10006fb0       0x1c CMakeFiles/picow_takeover.dir/C_/Users/ben/Documents/GitHub/pico-sdk/src/common/pico_sync/mutex.c.obj
                0x10006fb0                recursive_mutex_init
 .text.critical_section_init
                0x10006fcc       0x20 CMakeFiles/picow_takeover.dir/C_/Users/ben/Documents/GitHub/pico-sdk/src/common/pico_sync/critical_section.c.obj
                0x10006fcc                critical_section_init
 .text.runtime_init
                0x10006fec       0xf0 CMakeFiles/picow_takeover.dir/C_/Users/ben/Documents/GitHub/pico-sdk/src/rp2_common/pico_runtime/runtime.c.obj
                0x10006fec                runtime_init
 .text._sbrk    0x100070dc       0x34 CMakeFiles/picow_takeover.dir/C_/Users/ben/Documents/GitHub/pico-sdk/src/rp2_common/pico_runtime/runtime.c.obj
                0x100070dc                _sbrk
 .text.exit     0x10007110        0x4 CMakeFiles/picow_takeover.dir/C_/Users/ben/Documents/GitHub/pico-sdk/src/rp2_common/pico_runtime/runtime.c.obj
                0x10007110                exit
 .text.__assert_func
                0x10007114       0x34 CMakeFiles/picow_takeover.dir/C_/Users/ben/Documents/GitHub/pico-sdk/src/rp2_common/pico_runtime/runtime.c.obj
                0x10007114                __assert_func
 .text.panic    0x10007148       0x30 CMakeFiles/picow_takeover.dir/C_/Users/ben/Documents/GitHub/pico-sdk/src/rp2_common/pico_runtime/runtime.c.obj
                0x10007148                panic
 .text.hard_assertion_failure
                0x10007178        0xc CMakeFiles/picow_takeover.dir/C_/Users/ben/Documents/GitHub/pico-sdk/src/rp2_common/pico_runtime/runtime.c.obj
                0x10007178                hard_assertion_failure
 .text.clocks_init
                0x10007184      0x2bc CMakeFiles/picow_takeover.dir/C_/Users/ben/Documents/GitHub/pico-sdk/src/rp2_common/hardware_clocks/clocks.c.obj
                0x10007184                clocks_init
 .text.clock_get_hz
                0x10007440        0xc CMakeFiles/picow_takeover.dir/C_/Users/ben/Documents/GitHub/pico-sdk/src/rp2_common/hardware_clocks/clocks.c.obj
                0x10007440                clock_get_hz
 .text.pll_init
                0x1000744c       0xb0 CMakeFiles/picow_takeover.dir/C_/Users/ben/Documents/GitHub/pico-sdk/src/rp2_common/hardware_pll/pll.c.obj
                0x1000744c                pll_init
 .text.watchdog_start_tick
                0x100074fc       0x10 CMakeFiles/picow_takeover.dir/C_/Users/ben/Documents/GitHub/pico-sdk/src/rp2_common/hardware_watchdog/watchdog.c.obj
                0x100074fc                watchdog_start_tick
 .text.watchdog_reboot
                0x1000750c       0x98 CMakeFiles/picow_takeover.dir/C_/Users/ben/Documents/GitHub/pico-sdk/src/rp2_common/hardware_watchdog/watchdog.c.obj
                0x1000750c                watchdog_reboot
 .text.xosc_init
                0x100075a4       0x28 CMakeFiles/picow_takeover.dir/C_/Users/ben/Documents/GitHub/pico-sdk/src/rp2_common/hardware_xosc/xosc.c.obj
                0x100075a4                xosc_init
 .text._out_buffer
                0x100075cc        0x8 CMakeFiles/picow_takeover.dir/C_/Users/ben/Documents/GitHub/pico-sdk/src/rp2_common/pico_printf/printf.c.obj
 .text._out_null
                0x100075d4        0x4 CMakeFiles/picow_takeover.dir/C_/Users/ben/Documents/GitHub/pico-sdk/src/rp2_common/pico_printf/printf.c.obj
 .text._out_rev
                0x100075d8       0x9c CMakeFiles/picow_takeover.dir/C_/Users/ben/Documents/GitHub/pico-sdk/src/rp2_common/pico_printf/printf.c.obj
 .text._ntoa_format
                0x10007674      0x1cc CMakeFiles/picow_takeover.dir/C_/Users/ben/Documents/GitHub/pico-sdk/src/rp2_common/pico_printf/printf.c.obj
 .text._out_char
                0x10007840       0x10 CMakeFiles/picow_takeover.dir/C_/Users/ben/Documents/GitHub/pico-sdk/src/rp2_common/pico_printf/printf.c.obj
 .text._out_fct
                0x10007850       0x10 CMakeFiles/picow_takeover.dir/C_/Users/ben/Documents/GitHub/pico-sdk/src/rp2_common/pico_printf/printf.c.obj
 .text._etoa    0x10007860      0x44c CMakeFiles/picow_takeover.dir/C_/Users/ben/Documents/GitHub/pico-sdk/src/rp2_common/pico_printf/printf.c.obj
 .text._ftoa    0x10007cac      0x398 CMakeFiles/picow_takeover.dir/C_/Users/ben/Documents/GitHub/pico-sdk/src/rp2_common/pico_printf/printf.c.obj
 .text._vsnprintf
                0x10008044      0xb04 CMakeFiles/picow_takeover.dir/C_/Users/ben/Documents/GitHub/pico-sdk/src/rp2_common/pico_printf/printf.c.obj
 .text.__wrap_sprintf
                0x10008b48       0x28 CMakeFiles/picow_takeover.dir/C_/Users/ben/Documents/GitHub/pico-sdk/src/rp2_common/pico_printf/printf.c.obj
                0x10008b48                __wrap_sprintf
 .text.__wrap_snprintf
                0x10008b70       0x28 CMakeFiles/picow_takeover.dir/C_/Users/ben/Documents/GitHub/pico-sdk/src/rp2_common/pico_printf/printf.c.obj
                0x10008b70                __wrap_snprintf
 .text.vfctprintf
                0x10008b98       0x20 CMakeFiles/picow_takeover.dir/C_/Users/ben/Documents/GitHub/pico-sdk/src/rp2_common/pico_printf/printf.c.obj
                0x10008b98                vfctprintf
 .text.weak_raw_printf
                0x10008bb8       0x40 CMakeFiles/picow_takeover.dir/C_/Users/ben/Documents/GitHub/pico-sdk/src/rp2_common/pico_printf/printf.c.obj
                0x10008bb8                weak_raw_printf
 .text.weak_raw_vprintf
                0x10008bf8       0x30 CMakeFiles/picow_takeover.dir/C_/Users/ben/Documents/GitHub/pico-sdk/src/rp2_common/pico_printf/printf.c.obj
                0x10008bf8                weak_raw_vprintf
 .text          0x10008c28       0x10 CMakeFiles/picow_takeover.dir/C_/Users/ben/Documents/GitHub/pico-sdk/src/rp2_common/pico_bit_ops/bit_ops_aeabi.S.obj
 .text.ctzsi    0x10008c38        0xc CMakeFiles/picow_takeover.dir/C_/Users/ben/Documents/GitHub/pico-sdk/src/rp2_common/pico_bit_ops/bit_ops_aeabi.S.obj
                0x10008c38                __wrap___ctzsi2
 .text.__wrap___aeabi_idiv
                0x10008c44       0x50 CMakeFiles/picow_takeover.dir/C_/Users/ben/Documents/GitHub/pico-sdk/src/rp2_common/pico_divider/divider.S.obj
                0x10008c44                __wrap___aeabi_idivmod
                0x10008c44                divmod_s32s32
                0x10008c44                div_s32s32
                0x10008c44                __wrap___aeabi_idiv
                0x10008c4c                divmod_s32s32_unsafe
                0x10008c78                divmod_s32s32_savestate
 .text.__wrap___aeabi_uidiv
                0x10008c94       0x4c CMakeFiles/picow_takeover.dir/C_/Users/ben/Documents/GitHub/pico-sdk/src/rp2_common/pico_divider/divider.S.obj
                0x10008c94                __wrap___aeabi_uidiv
                0x10008c94                __wrap___aeabi_uidivmod
                0x10008c94                div_u32u32
                0x10008c94                divmod_u32u32
                0x10008c9c                divmod_u32u32_unsafe
                0x10008cc4                divmod_u32u32_savestate
 .text.__wrap___aeabi_ldiv
                0x10008ce0      0x434 CMakeFiles/picow_takeover.dir/C_/Users/ben/Documents/GitHub/pico-sdk/src/rp2_common/pico_divider/divider.S.obj
                0x10008ce0                div_s64s64
                0x10008ce0                divmod_s64s64
                0x10008ce0                __wrap___aeabi_ldivmod
                0x10008d18                divmod_u64u64
                0x10008d18                div_u64u64
                0x10008d18                __wrap___aeabi_uldivmod
                0x10008d28                divmod_u64u64_savestate
                0x10008d50                divmod_s64s64_unsafe
                0x10008dd8                divmod_u64u64_unsafe
 .text.__wrap___aeabi_darithmetic
                0x10009114       0x60 CMakeFiles/picow_takeover.dir/C_/Users/ben/Documents/GitHub/pico-sdk/src/rp2_common/pico_double/double_aeabi.S.obj
                0x10009114                __wrap___aeabi_drsub
                0x1000911a                __wrap___aeabi_dsub
                0x10009124                __wrap___aeabi_dadd
                0x1000912e                __wrap___aeabi_ddiv
                0x10009162                __wrap___aeabi_dmul
 .text.__wrap___aeabi_cdcmple
                0x10009174       0x6c CMakeFiles/picow_takeover.dir/C_/Users/ben/Documents/GitHub/pico-sdk/src/rp2_common/pico_double/double_aeabi.S.obj
                0x10009174                __wrap___aeabi_cdrcmple
                0x10009184                __wrap___aeabi_cdcmpeq
                0x10009184                __wrap___aeabi_cdcmple
 .text.__wrap___aeabi_dcmpeq
                0x100091e0       0x10 CMakeFiles/picow_takeover.dir/C_/Users/ben/Documents/GitHub/pico-sdk/src/rp2_common/pico_double/double_aeabi.S.obj
                0x100091e0                __wrap___aeabi_dcmpeq
 .text.__wrap___aeabi_dcmplt
                0x100091f0        0xc CMakeFiles/picow_takeover.dir/C_/Users/ben/Documents/GitHub/pico-sdk/src/rp2_common/pico_double/double_aeabi.S.obj
                0x100091f0                __wrap___aeabi_dcmplt
 .text.__wrap___aeabi_dcmple
                0x100091fc       0x10 CMakeFiles/picow_takeover.dir/C_/Users/ben/Documents/GitHub/pico-sdk/src/rp2_common/pico_double/double_aeabi.S.obj
                0x100091fc                __wrap___aeabi_dcmple
 .text.__wrap___aeabi_dcmpge
                0x1000920c       0x10 CMakeFiles/picow_takeover.dir/C_/Users/ben/Documents/GitHub/pico-sdk/src/rp2_common/pico_double/double_aeabi.S.obj
                0x1000920c                __wrap___aeabi_dcmpge
 .text.__wrap___aeabi_dcmpgt
                0x1000921c        0xa CMakeFiles/picow_takeover.dir/C_/Users/ben/Documents/GitHub/pico-sdk/src/rp2_common/pico_double/double_aeabi.S.obj
                0x1000921c                __wrap___aeabi_dcmpgt
 .text.__wrap___aeabi_dcmpun
                0x10009226       0x1c CMakeFiles/picow_takeover.dir/C_/Users/ben/Documents/GitHub/pico-sdk/src/rp2_common/pico_double/double_aeabi.S.obj
                0x10009226                __wrap___aeabi_dcmpun
 *fill*         0x10009242        0x2 
 .text.__wrap___aeabi_i2d
                0x10009244       0x38 CMakeFiles/picow_takeover.dir/C_/Users/ben/Documents/GitHub/pico-sdk/src/rp2_common/pico_double/double_aeabi.S.obj
                0x10009244                __wrap___aeabi_ui2d
                0x1000924c                __wrap___aeabi_i2d
 .text.__wrap___aeabi_d2iz
                0x1000927c       0x48 CMakeFiles/picow_takeover.dir/C_/Users/ben/Documents/GitHub/pico-sdk/src/rp2_common/pico_double/double_aeabi.S.obj
                0x1000927c                double2int_z
                0x1000927c                __wrap___aeabi_d2iz
 .text.__wrap___aeabi_d2uiz
                0x100092c4       0x10 CMakeFiles/picow_takeover.dir/C_/Users/ben/Documents/GitHub/pico-sdk/src/rp2_common/pico_double/double_aeabi.S.obj
                0x100092c4                __wrap___aeabi_d2uiz
                0x100092c4                double2uint
 .text.__wrap___aeabi_l2d
                0x100092d4       0x10 CMakeFiles/picow_takeover.dir/C_/Users/ben/Documents/GitHub/pico-sdk/src/rp2_common/pico_double/double_aeabi.S.obj
                0x100092d4                __wrap___aeabi_l2d
 .text.__wrap___aeabi_d2lz
                0x100092e4       0x26 CMakeFiles/picow_takeover.dir/C_/Users/ben/Documents/GitHub/pico-sdk/src/rp2_common/pico_double/double_aeabi.S.obj
                0x100092e4                double2int64_z
                0x100092e4                __wrap___aeabi_d2lz
 *fill*         0x1000930a        0x2 
 .text.double2int64
                0x1000930c       0x10 CMakeFiles/picow_takeover.dir/C_/Users/ben/Documents/GitHub/pico-sdk/src/rp2_common/pico_double/double_aeabi.S.obj
                0x1000930c                double2int64
 .text.double2ufix64
                0x1000931c       0x10 CMakeFiles/picow_takeover.dir/C_/Users/ben/Documents/GitHub/pico-sdk/src/rp2_common/pico_double/double_aeabi.S.obj
                0x1000931c                double2ufix64
 .text.__wrap___aeabi_d2f
                0x1000932c       0x10 CMakeFiles/picow_takeover.dir/C_/Users/ben/Documents/GitHub/pico-sdk/src/rp2_common/pico_double/double_aeabi.S.obj
                0x1000932c                __wrap___aeabi_d2f
 .text.missing_double_func_shim
                0x1000933c        0xc CMakeFiles/picow_takeover.dir/C_/Users/ben/Documents/GitHub/pico-sdk/src/rp2_common/pico_double/double_init_rom.c.obj
 .text.__aeabi_double_init
                0x10009348       0x98 CMakeFiles/picow_takeover.dir/C_/Users/ben/Documents/GitHub/pico-sdk/src/rp2_common/pico_double/double_init_rom.c.obj
                0x10009348                __aeabi_double_init
 .text.double_table_shim_on_use_helper
                0x100093e0       0x2c CMakeFiles/picow_takeover.dir/C_/Users/ben/Documents/GitHub/pico-sdk/src/rp2_common/pico_double/double_v1_rom_shim.S.obj
                0x100093e0                double_table_shim_on_use_helper
 .text.__aeabi_lmul
                0x1000940c       0x32 CMakeFiles/picow_takeover.dir/C_/Users/ben/Documents/GitHub/pico-sdk/src/rp2_common/pico_int64_ops/pico_int64_ops_aeabi.S.obj
                0x1000940c                __wrap___aeabi_lmul
 *fill*         0x1000943e        0x2 
 .text.__wrap___aeabi_farithmetic
                0x10009440       0x48 CMakeFiles/picow_takeover.dir/C_/Users/ben/Documents/GitHub/pico-sdk/src/rp2_common/pico_float/float_aeabi.S.obj
                0x10009440                __wrap___aeabi_frsub
                0x10009446                __wrap___aeabi_fsub
                0x1000944c                __wrap___aeabi_fadd
                0x10009452                __wrap___aeabi_fdiv
                0x1000947a                __wrap___aeabi_fmul
 .text.__wrap___aeabi_i2f
                0x10009488       0x44 CMakeFiles/picow_takeover.dir/C_/Users/ben/Documents/GitHub/pico-sdk/src/rp2_common/pico_float/float_aeabi.S.obj
                0x10009488                __wrap___aeabi_i2f
 .text.__wrap___aeabi_f2d
                0x100094cc        0xc CMakeFiles/picow_takeover.dir/C_/Users/ben/Documents/GitHub/pico-sdk/src/rp2_common/pico_float/float_aeabi.S.obj
                0x100094cc                __wrap___aeabi_f2d
 .text.missing_float_func_shim
                0x100094d8        0xc CMakeFiles/picow_takeover.dir/C_/Users/ben/Documents/GitHub/pico-sdk/src/rp2_common/pico_float/float_init_rom.c.obj
 .text.__aeabi_float_init
                0x100094e4       0x5c CMakeFiles/picow_takeover.dir/C_/Users/ben/Documents/GitHub/pico-sdk/src/rp2_common/pico_float/float_init_rom.c.obj
                0x100094e4                __aeabi_float_init
 .text.__wrap_malloc
                0x10009540       0x24 CMakeFiles/picow_takeover.dir/C_/Users/ben/Documents/GitHub/pico-sdk/src/rp2_common/pico_malloc/pico_malloc.c.obj
                0x10009540                __wrap_malloc
 .text.__wrap_calloc
                0x10009564       0x24 CMakeFiles/picow_takeover.dir/C_/Users/ben/Documents/GitHub/pico-sdk/src/rp2_common/pico_malloc/pico_malloc.c.obj
                0x10009564                __wrap_calloc
 .text.__wrap_realloc
                0x10009588       0x24 CMakeFiles/picow_takeover.dir/C_/Users/ben/Documents/GitHub/pico-sdk/src/rp2_common/pico_malloc/pico_malloc.c.obj
                0x10009588                __wrap_realloc
 .text.__wrap_free
                0x100095ac        0x8 CMakeFiles/picow_takeover.dir/C_/Users/ben/Documents/GitHub/pico-sdk/src/rp2_common/pico_malloc/pico_malloc.c.obj
                0x100095ac                __wrap_free
 .text          0x100095b4       0x10 CMakeFiles/picow_takeover.dir/C_/Users/ben/Documents/GitHub/pico-sdk/src/rp2_common/pico_mem_ops/mem_ops_aeabi.S.obj
                0x100095b4                __aeabi_mem_init
 .text.memset   0x100095c4        0xc CMakeFiles/picow_takeover.dir/C_/Users/ben/Documents/GitHub/pico-sdk/src/rp2_common/pico_mem_ops/mem_ops_aeabi.S.obj
                0x100095c4                __wrap_memset
 .text.memcpy   0x100095d0        0xc CMakeFiles/picow_takeover.dir/C_/Users/ben/Documents/GitHub/pico-sdk/src/rp2_common/pico_mem_ops/mem_ops_aeabi.S.obj
                0x100095d0                __wrap_memcpy
                0x100095d0                __wrap___aeabi_memcpy
 .text.stdio_out_chars_no_crlf
                0x100095dc       0x10 CMakeFiles/picow_takeover.dir/C_/Users/ben/Documents/GitHub/pico-sdk/src/rp2_common/pico_stdio/stdio.c.obj
 .text.stdio_out_chars_crlf
                0x100095ec       0xb4 CMakeFiles/picow_takeover.dir/C_/Users/ben/Documents/GitHub/pico-sdk/src/rp2_common/pico_stdio/stdio.c.obj
 .text.stdio_buffered_printer
                0x100096a0       0x64 CMakeFiles/picow_takeover.dir/C_/Users/ben/Documents/GitHub/pico-sdk/src/rp2_common/pico_stdio/stdio.c.obj
 .text.stdio_put_string.isra.0
                0x10009704       0xfc CMakeFiles/picow_takeover.dir/C_/Users/ben/Documents/GitHub/pico-sdk/src/rp2_common/pico_stdio/stdio.c.obj
 .text.__wrap_putchar
                0x10009800       0xa0 CMakeFiles/picow_takeover.dir/C_/Users/ben/Documents/GitHub/pico-sdk/src/rp2_common/pico_stdio/stdio.c.obj
                0x10009800                __wrap_putchar
 .text.__wrap_puts
                0x100098a0       0x3c CMakeFiles/picow_takeover.dir/C_/Users/ben/Documents/GitHub/pico-sdk/src/rp2_common/pico_stdio/stdio.c.obj
                0x100098a0                __wrap_puts
 .text.stdio_set_driver_enabled
                0x100098dc       0x30 CMakeFiles/picow_takeover.dir/C_/Users/ben/Documents/GitHub/pico-sdk/src/rp2_common/pico_stdio/stdio.c.obj
                0x100098dc                stdio_set_driver_enabled
 .text.stdio_flush
                0x1000990c       0x28 CMakeFiles/picow_takeover.dir/C_/Users/ben/Documents/GitHub/pico-sdk/src/rp2_common/pico_stdio/stdio.c.obj
                0x1000990c                stdio_flush
 .text.__wrap_vprintf
                0x10009934       0xd8 CMakeFiles/picow_takeover.dir/C_/Users/ben/Documents/GitHub/pico-sdk/src/rp2_common/pico_stdio/stdio.c.obj
                0x10009934                __wrap_vprintf
 .text.__wrap_printf
                0x10009a0c       0x18 CMakeFiles/picow_takeover.dir/C_/Users/ben/Documents/GitHub/pico-sdk/src/rp2_common/pico_stdio/stdio.c.obj
                0x10009a0c                __wrap_printf
 .text.stdio_init_all
                0x10009a24        0x8 CMakeFiles/picow_takeover.dir/C_/Users/ben/Documents/GitHub/pico-sdk/src/rp2_common/pico_stdio/stdio.c.obj
                0x10009a24                stdio_init_all
 .text.resetd_init
                0x10009a2c        0x4 CMakeFiles/picow_takeover.dir/C_/Users/ben/Documents/GitHub/pico-sdk/src/rp2_common/pico_stdio_usb/reset_interface.c.obj
 .text.resetd_reset
                0x10009a30        0xc CMakeFiles/picow_takeover.dir/C_/Users/ben/Documents/GitHub/pico-sdk/src/rp2_common/pico_stdio_usb/reset_interface.c.obj
 .text.resetd_open
                0x10009a3c       0x28 CMakeFiles/picow_takeover.dir/C_/Users/ben/Documents/GitHub/pico-sdk/src/rp2_common/pico_stdio_usb/reset_interface.c.obj
 .text.resetd_xfer_cb
                0x10009a64        0x4 CMakeFiles/picow_takeover.dir/C_/Users/ben/Documents/GitHub/pico-sdk/src/rp2_common/pico_stdio_usb/reset_interface.c.obj
 .text.resetd_control_xfer_cb
                0x10009a68       0x64 CMakeFiles/picow_takeover.dir/C_/Users/ben/Documents/GitHub/pico-sdk/src/rp2_common/pico_stdio_usb/reset_interface.c.obj
 .text.usbd_app_driver_get_cb
                0x10009acc        0xc CMakeFiles/picow_takeover.dir/C_/Users/ben/Documents/GitHub/pico-sdk/src/rp2_common/pico_stdio_usb/reset_interface.c.obj
                0x10009acc                usbd_app_driver_get_cb
 .text.tud_cdc_line_coding_cb
                0x10009ad8       0x34 CMakeFiles/picow_takeover.dir/C_/Users/ben/Documents/GitHub/pico-sdk/src/rp2_common/pico_stdio_usb/reset_interface.c.obj
                0x10009ad8                tud_cdc_line_coding_cb
 .text.stdio_usb_in_chars
                0x10009b0c       0x68 CMakeFiles/picow_takeover.dir/C_/Users/ben/Documents/GitHub/pico-sdk/src/rp2_common/pico_stdio_usb/stdio_usb.c.obj
                0x10009b0c                stdio_usb_in_chars
 .text.stdio_usb_out_chars
                0x10009b74       0xe4 CMakeFiles/picow_takeover.dir/C_/Users/ben/Documents/GitHub/pico-sdk/src/rp2_common/pico_stdio_usb/stdio_usb.c.obj
 .text.timer_task
                0x10009c58       0x18 CMakeFiles/picow_takeover.dir/C_/Users/ben/Documents/GitHub/pico-sdk/src/rp2_common/pico_stdio_usb/stdio_usb.c.obj
 .text.usb_irq  0x10009c70       0x10 CMakeFiles/picow_takeover.dir/C_/Users/ben/Documents/GitHub/pico-sdk/src/rp2_common/pico_stdio_usb/stdio_usb.c.obj
 .text.low_priority_worker_irq
                0x10009c80       0x24 CMakeFiles/picow_takeover.dir/C_/Users/ben/Documents/GitHub/pico-sdk/src/rp2_common/pico_stdio_usb/stdio_usb.c.obj
 .text.stdio_usb_init
                0x10009ca4       0xb0 CMakeFiles/picow_takeover.dir/C_/Users/ben/Documents/GitHub/pico-sdk/src/rp2_common/pico_stdio_usb/stdio_usb.c.obj
                0x10009ca4                stdio_usb_init
 .text.tud_descriptor_device_cb
                0x10009d54        0x8 CMakeFiles/picow_takeover.dir/C_/Users/ben/Documents/GitHub/pico-sdk/src/rp2_common/pico_stdio_usb/stdio_usb_descriptors.c.obj
                0x10009d54                tud_descriptor_device_cb
 .text.tud_descriptor_configuration_cb
                0x10009d5c        0x8 CMakeFiles/picow_takeover.dir/C_/Users/ben/Documents/GitHub/pico-sdk/src/rp2_common/pico_stdio_usb/stdio_usb_descriptors.c.obj
                0x10009d5c                tud_descriptor_configuration_cb
 .text.tud_descriptor_string_cb
                0x10009d64       0x74 CMakeFiles/picow_takeover.dir/C_/Users/ben/Documents/GitHub/pico-sdk/src/rp2_common/pico_stdio_usb/stdio_usb_descriptors.c.obj
                0x10009d64                tud_descriptor_string_cb
 .text.dcd_rp2040_irq
                0x10009dd8      0x21c CMakeFiles/picow_takeover.dir/C_/Users/ben/Documents/GitHub/pico-sdk/lib/tinyusb/src/portable/raspberrypi/rp2040/dcd_rp2040.c.obj
 .text.dcd_int_enable
                0x10009ff4        0xc CMakeFiles/picow_takeover.dir/C_/Users/ben/Documents/GitHub/pico-sdk/lib/tinyusb/src/portable/raspberrypi/rp2040/dcd_rp2040.c.obj
                0x10009ff4                dcd_int_enable
 .text.dcd_set_address
                0x1000a000       0x14 CMakeFiles/picow_takeover.dir/C_/Users/ben/Documents/GitHub/pico-sdk/lib/tinyusb/src/portable/raspberrypi/rp2040/dcd_rp2040.c.obj
                0x1000a000                dcd_set_address
 .text.dcd_connect
                0x1000a014       0x10 CMakeFiles/picow_takeover.dir/C_/Users/ben/Documents/GitHub/pico-sdk/lib/tinyusb/src/portable/raspberrypi/rp2040/dcd_rp2040.c.obj
                0x1000a014                dcd_connect
 .text.dcd_init
                0x1000a024      0x144 CMakeFiles/picow_takeover.dir/C_/Users/ben/Documents/GitHub/pico-sdk/lib/tinyusb/src/portable/raspberrypi/rp2040/dcd_rp2040.c.obj
                0x1000a024                dcd_init
 .text.dcd_edpt0_status_complete
                0x1000a168       0x1c CMakeFiles/picow_takeover.dir/C_/Users/ben/Documents/GitHub/pico-sdk/lib/tinyusb/src/portable/raspberrypi/rp2040/dcd_rp2040.c.obj
                0x1000a168                dcd_edpt0_status_complete
 .text.dcd_edpt_open
                0x1000a184       0xf0 CMakeFiles/picow_takeover.dir/C_/Users/ben/Documents/GitHub/pico-sdk/lib/tinyusb/src/portable/raspberrypi/rp2040/dcd_rp2040.c.obj
                0x1000a184                dcd_edpt_open
 .text.dcd_edpt_close_all
                0x1000a274       0xbc CMakeFiles/picow_takeover.dir/C_/Users/ben/Documents/GitHub/pico-sdk/lib/tinyusb/src/portable/raspberrypi/rp2040/dcd_rp2040.c.obj
                0x1000a274                dcd_edpt_close_all
 .text.dcd_edpt_xfer
                0x1000a330       0x24 CMakeFiles/picow_takeover.dir/C_/Users/ben/Documents/GitHub/pico-sdk/lib/tinyusb/src/portable/raspberrypi/rp2040/dcd_rp2040.c.obj
                0x1000a330                dcd_edpt_xfer
 .text.dcd_edpt_stall
                0x1000a354       0x38 CMakeFiles/picow_takeover.dir/C_/Users/ben/Documents/GitHub/pico-sdk/lib/tinyusb/src/portable/raspberrypi/rp2040/dcd_rp2040.c.obj
                0x1000a354                dcd_edpt_stall
 .text.dcd_edpt_clear_stall
                0x1000a38c       0x30 CMakeFiles/picow_takeover.dir/C_/Users/ben/Documents/GitHub/pico-sdk/lib/tinyusb/src/portable/raspberrypi/rp2040/dcd_rp2040.c.obj
                0x1000a38c                dcd_edpt_clear_stall
 .text._hw_endpoint_buffer_control_update32.part.0.isra.0
                0x1000a3bc       0x1c CMakeFiles/picow_takeover.dir/C_/Users/ben/Documents/GitHub/pico-sdk/lib/tinyusb/src/portable/raspberrypi/rp2040/rp2040_usb.c.obj
 .text.rp2040_usb_init
                0x1000a3d8       0x4c CMakeFiles/picow_takeover.dir/C_/Users/ben/Documents/GitHub/pico-sdk/lib/tinyusb/src/portable/raspberrypi/rp2040/rp2040_usb.c.obj
                0x1000a3d8                rp2040_usb_init
 .text.hw_endpoint_reset_transfer
                0x1000a424        0xc CMakeFiles/picow_takeover.dir/C_/Users/ben/Documents/GitHub/pico-sdk/lib/tinyusb/src/portable/raspberrypi/rp2040/rp2040_usb.c.obj
                0x1000a424                hw_endpoint_reset_transfer
 .text._hw_endpoint_buffer_control_update32
                0x1000a430       0x44 CMakeFiles/picow_takeover.dir/C_/Users/ben/Documents/GitHub/pico-sdk/lib/tinyusb/src/portable/raspberrypi/rp2040/rp2040_usb.c.obj
                0x1000a430                _hw_endpoint_buffer_control_update32
 .text.hw_endpoint_xfer_start
                0x1000a474      0x138 CMakeFiles/picow_takeover.dir/C_/Users/ben/Documents/GitHub/pico-sdk/lib/tinyusb/src/portable/raspberrypi/rp2040/rp2040_usb.c.obj
                0x1000a474                hw_endpoint_xfer_start
 .text.hw_endpoint_xfer_continue
                0x1000a5ac      0x1e4 CMakeFiles/picow_takeover.dir/C_/Users/ben/Documents/GitHub/pico-sdk/lib/tinyusb/src/portable/raspberrypi/rp2040/rp2040_usb.c.obj
                0x1000a5ac                hw_endpoint_xfer_continue
 .text.tud_mounted
                0x1000a790       0x10 CMakeFiles/picow_takeover.dir/C_/Users/ben/Documents/GitHub/pico-sdk/lib/tinyusb/src/device/usbd.c.obj
                0x1000a790                tud_mounted
 .text.tud_suspended
                0x1000a7a0       0x10 CMakeFiles/picow_takeover.dir/C_/Users/ben/Documents/GitHub/pico-sdk/lib/tinyusb/src/device/usbd.c.obj
                0x1000a7a0                tud_suspended
 .text.tud_inited
                0x1000a7b0        0xc CMakeFiles/picow_takeover.dir/C_/Users/ben/Documents/GitHub/pico-sdk/lib/tinyusb/src/device/usbd.c.obj
                0x1000a7b0                tud_inited
 .text.tud_init
                0x1000a7bc       0xd8 CMakeFiles/picow_takeover.dir/C_/Users/ben/Documents/GitHub/pico-sdk/lib/tinyusb/src/device/usbd.c.obj
                0x1000a7bc                tud_init
 .text.tud_task
                0x1000a894      0x8ec CMakeFiles/picow_takeover.dir/C_/Users/ben/Documents/GitHub/pico-sdk/lib/tinyusb/src/device/usbd.c.obj
                0x1000a894                tud_task
 .text.dcd_event_bus_signal
                0x1000b180      0x120 CMakeFiles/picow_takeover.dir/C_/Users/ben/Documents/GitHub/pico-sdk/lib/tinyusb/src/device/usbd.c.obj
                0x1000b180                dcd_event_bus_signal
 .text.dcd_event_bus_reset
                0x1000b2a0       0x54 CMakeFiles/picow_takeover.dir/C_/Users/ben/Documents/GitHub/pico-sdk/lib/tinyusb/src/device/usbd.c.obj
                0x1000b2a0                dcd_event_bus_reset
 .text.dcd_event_setup_received
                0x1000b2f4       0x50 CMakeFiles/picow_takeover.dir/C_/Users/ben/Documents/GitHub/pico-sdk/lib/tinyusb/src/device/usbd.c.obj
                0x1000b2f4                dcd_event_setup_received
 .text.dcd_event_xfer_complete
                0x1000b344       0x68 CMakeFiles/picow_takeover.dir/C_/Users/ben/Documents/GitHub/pico-sdk/lib/tinyusb/src/device/usbd.c.obj
                0x1000b344                dcd_event_xfer_complete
 .text.usbd_open_edpt_pair
                0x1000b3ac       0x80 CMakeFiles/picow_takeover.dir/C_/Users/ben/Documents/GitHub/pico-sdk/lib/tinyusb/src/device/usbd.c.obj
                0x1000b3ac                usbd_open_edpt_pair
 .text.usbd_edpt_open
                0x1000b42c       0x30 CMakeFiles/picow_takeover.dir/C_/Users/ben/Documents/GitHub/pico-sdk/lib/tinyusb/src/device/usbd.c.obj
                0x1000b42c                usbd_edpt_open
 .text.usbd_edpt_claim
                0x1000b45c       0x64 CMakeFiles/picow_takeover.dir/C_/Users/ben/Documents/GitHub/pico-sdk/lib/tinyusb/src/device/usbd.c.obj
                0x1000b45c                usbd_edpt_claim
 .text.usbd_edpt_release
                0x1000b4c0       0x4c CMakeFiles/picow_takeover.dir/C_/Users/ben/Documents/GitHub/pico-sdk/lib/tinyusb/src/device/usbd.c.obj
                0x1000b4c0                usbd_edpt_release
 .text.usbd_edpt_xfer
                0x1000b50c       0x48 CMakeFiles/picow_takeover.dir/C_/Users/ben/Documents/GitHub/pico-sdk/lib/tinyusb/src/device/usbd.c.obj
                0x1000b50c                usbd_edpt_xfer
 .text.tud_control_status
                0x1000b554       0x30 CMakeFiles/picow_takeover.dir/C_/Users/ben/Documents/GitHub/pico-sdk/lib/tinyusb/src/device/usbd_control.c.obj
                0x1000b554                tud_control_status
 .text.tud_control_xfer
                0x1000b584       0xbc CMakeFiles/picow_takeover.dir/C_/Users/ben/Documents/GitHub/pico-sdk/lib/tinyusb/src/device/usbd_control.c.obj
                0x1000b584                tud_control_xfer
 .text.usbd_control_reset
                0x1000b640       0x14 CMakeFiles/picow_takeover.dir/C_/Users/ben/Documents/GitHub/pico-sdk/lib/tinyusb/src/device/usbd_control.c.obj
                0x1000b640                usbd_control_reset
 .text.usbd_control_set_complete_callback
                0x1000b654        0xc CMakeFiles/picow_takeover.dir/C_/Users/ben/Documents/GitHub/pico-sdk/lib/tinyusb/src/device/usbd_control.c.obj
                0x1000b654                usbd_control_set_complete_callback
 .text.usbd_control_set_request
                0x1000b660       0x1c CMakeFiles/picow_takeover.dir/C_/Users/ben/Documents/GitHub/pico-sdk/lib/tinyusb/src/device/usbd_control.c.obj
                0x1000b660                usbd_control_set_request
 .text.usbd_control_xfer_cb
                0x1000b67c       0xfc CMakeFiles/picow_takeover.dir/C_/Users/ben/Documents/GitHub/pico-sdk/lib/tinyusb/src/device/usbd_control.c.obj
                0x1000b67c                usbd_control_xfer_cb
 .text.tud_cdc_n_connected
                0x1000b778       0x30 CMakeFiles/picow_takeover.dir/C_/Users/ben/Documents/GitHub/pico-sdk/lib/tinyusb/src/class/cdc/cdc_device.c.obj
                0x1000b778                tud_cdc_n_connected
 .text.tud_cdc_n_available
                0x1000b7a8       0x18 CMakeFiles/picow_takeover.dir/C_/Users/ben/Documents/GitHub/pico-sdk/lib/tinyusb/src/class/cdc/cdc_device.c.obj
                0x1000b7a8                tud_cdc_n_available
 .text.tud_cdc_n_read
                0x1000b7c0       0x70 CMakeFiles/picow_takeover.dir/C_/Users/ben/Documents/GitHub/pico-sdk/lib/tinyusb/src/class/cdc/cdc_device.c.obj
                0x1000b7c0                tud_cdc_n_read
 .text.tud_cdc_n_write_flush
                0x1000b830       0x78 CMakeFiles/picow_takeover.dir/C_/Users/ben/Documents/GitHub/pico-sdk/lib/tinyusb/src/class/cdc/cdc_device.c.obj
                0x1000b830                tud_cdc_n_write_flush
 .text.tud_cdc_n_write
                0x1000b8a8       0x34 CMakeFiles/picow_takeover.dir/C_/Users/ben/Documents/GitHub/pico-sdk/lib/tinyusb/src/class/cdc/cdc_device.c.obj
                0x1000b8a8                tud_cdc_n_write
 .text.tud_cdc_n_write_available
                0x1000b8dc       0x18 CMakeFiles/picow_takeover.dir/C_/Users/ben/Documents/GitHub/pico-sdk/lib/tinyusb/src/class/cdc/cdc_device.c.obj
                0x1000b8dc                tud_cdc_n_write_available
 .text.cdcd_init
                0x1000b8f4       0x7c CMakeFiles/picow_takeover.dir/C_/Users/ben/Documents/GitHub/pico-sdk/lib/tinyusb/src/class/cdc/cdc_device.c.obj
                0x1000b8f4                cdcd_init
 .text.cdcd_reset
                0x1000b970       0x2c CMakeFiles/picow_takeover.dir/C_/Users/ben/Documents/GitHub/pico-sdk/lib/tinyusb/src/class/cdc/cdc_device.c.obj
                0x1000b970                cdcd_reset
 .text.cdcd_open
                0x1000b99c       0xe4 CMakeFiles/picow_takeover.dir/C_/Users/ben/Documents/GitHub/pico-sdk/lib/tinyusb/src/class/cdc/cdc_device.c.obj
                0x1000b99c                cdcd_open
 .text.cdcd_control_xfer_cb
                0x1000ba80       0xe4 CMakeFiles/picow_takeover.dir/C_/Users/ben/Documents/GitHub/pico-sdk/lib/tinyusb/src/class/cdc/cdc_device.c.obj
                0x1000ba80                cdcd_control_xfer_cb
 .text.cdcd_xfer_cb
                0x1000bb64      0x148 CMakeFiles/picow_takeover.dir/C_/Users/ben/Documents/GitHub/pico-sdk/lib/tinyusb/src/class/cdc/cdc_device.c.obj
                0x1000bb64                cdcd_xfer_cb
 .text.tusb_init
                0x1000bcac        0xc CMakeFiles/picow_takeover.dir/C_/Users/ben/Documents/GitHub/pico-sdk/lib/tinyusb/src/tusb.c.obj
                0x1000bcac                tusb_init
 .text.tusb_inited
                0x1000bcb8        0x8 CMakeFiles/picow_takeover.dir/C_/Users/ben/Documents/GitHub/pico-sdk/lib/tinyusb/src/tusb.c.obj
                0x1000bcb8                tusb_inited
 .text.tu_edpt_validate
                0x1000bcc0       0x78 CMakeFiles/picow_takeover.dir/C_/Users/ben/Documents/GitHub/pico-sdk/lib/tinyusb/src/tusb.c.obj
                0x1000bcc0                tu_edpt_validate
 .text.tu_edpt_bind_driver
                0x1000bd38       0x2c CMakeFiles/picow_takeover.dir/C_/Users/ben/Documents/GitHub/pico-sdk/lib/tinyusb/src/tusb.c.obj
                0x1000bd38                tu_edpt_bind_driver
 .text.tu_fifo_config
                0x1000bd64       0x78 CMakeFiles/picow_takeover.dir/C_/Users/ben/Documents/GitHub/pico-sdk/lib/tinyusb/src/common/tusb_fifo.c.obj
                0x1000bd64                tu_fifo_config
 .text.tu_fifo_count
                0x1000bddc       0x20 CMakeFiles/picow_takeover.dir/C_/Users/ben/Documents/GitHub/pico-sdk/lib/tinyusb/src/common/tusb_fifo.c.obj
                0x1000bddc                tu_fifo_count
 .text.tu_fifo_empty
                0x1000bdfc       0x10 CMakeFiles/picow_takeover.dir/C_/Users/ben/Documents/GitHub/pico-sdk/lib/tinyusb/src/common/tusb_fifo.c.obj
                0x1000bdfc                tu_fifo_empty
 .text.tu_fifo_remaining
                0x1000be0c       0x1c CMakeFiles/picow_takeover.dir/C_/Users/ben/Documents/GitHub/pico-sdk/lib/tinyusb/src/common/tusb_fifo.c.obj
                0x1000be0c                tu_fifo_remaining
 .text.tu_fifo_read
                0x1000be28       0x9c CMakeFiles/picow_takeover.dir/C_/Users/ben/Documents/GitHub/pico-sdk/lib/tinyusb/src/common/tusb_fifo.c.obj
                0x1000be28                tu_fifo_read
 .text.tu_fifo_read_n
                0x1000bec4      0x100 CMakeFiles/picow_takeover.dir/C_/Users/ben/Documents/GitHub/pico-sdk/lib/tinyusb/src/common/tusb_fifo.c.obj
                0x1000bec4                tu_fifo_read_n
 .text.tu_fifo_write
                0x1000bfc4       0x7c CMakeFiles/picow_takeover.dir/C_/Users/ben/Documents/GitHub/pico-sdk/lib/tinyusb/src/common/tusb_fifo.c.obj
                0x1000bfc4                tu_fifo_write
 .text.tu_fifo_write_n
                0x1000c040      0x100 CMakeFiles/picow_takeover.dir/C_/Users/ben/Documents/GitHub/pico-sdk/lib/tinyusb/src/common/tusb_fifo.c.obj
                0x1000c040                tu_fifo_write_n
 .text.tu_fifo_clear
                0x1000c140       0x4c CMakeFiles/picow_takeover.dir/C_/Users/ben/Documents/GitHub/pico-sdk/lib/tinyusb/src/common/tusb_fifo.c.obj
                0x1000c140                tu_fifo_clear
 .text.tu_fifo_set_overwritable
                0x1000c18c       0x3c CMakeFiles/picow_takeover.dir/C_/Users/ben/Documents/GitHub/pico-sdk/lib/tinyusb/src/common/tusb_fifo.c.obj
                0x1000c18c                tu_fifo_set_overwritable
 .text.pio_sm_unclaim
                0x1000c1c8       0x20 CMakeFiles/picow_takeover.dir/C_/Users/ben/Documents/GitHub/pico-sdk/src/rp2_common/hardware_pio/pio.c.obj
                0x1000c1c8                pio_sm_unclaim
 .text.pio_claim_unused_sm
                0x1000c1e8       0x3c CMakeFiles/picow_takeover.dir/C_/Users/ben/Documents/GitHub/pico-sdk/src/rp2_common/hardware_pio/pio.c.obj
                0x1000c1e8                pio_claim_unused_sm
 .text.pio_can_add_program
                0x1000c224       0x68 CMakeFiles/picow_takeover.dir/C_/Users/ben/Documents/GitHub/pico-sdk/src/rp2_common/hardware_pio/pio.c.obj
                0x1000c224                pio_can_add_program
 .text.pio_add_program
                0x1000c28c       0xc8 CMakeFiles/picow_takeover.dir/C_/Users/ben/Documents/GitHub/pico-sdk/src/rp2_common/hardware_pio/pio.c.obj
                0x1000c28c                pio_add_program
 .text.pio_remove_program
                0x1000c354       0x34 CMakeFiles/picow_takeover.dir/C_/Users/ben/Documents/GitHub/pico-sdk/src/rp2_common/hardware_pio/pio.c.obj
                0x1000c354                pio_remove_program
 .text.pio_sm_set_pindirs_with_mask
                0x1000c388       0x88 CMakeFiles/picow_takeover.dir/C_/Users/ben/Documents/GitHub/pico-sdk/src/rp2_common/hardware_pio/pio.c.obj
                0x1000c388                pio_sm_set_pindirs_with_mask
 .text.pio_sm_set_consecutive_pindirs
                0x1000c410       0x84 CMakeFiles/picow_takeover.dir/C_/Users/ben/Documents/GitHub/pico-sdk/src/rp2_common/hardware_pio/pio.c.obj
                0x1000c410                pio_sm_set_consecutive_pindirs
 .text.dma_channel_unclaim
                0x1000c494       0x10 CMakeFiles/picow_takeover.dir/C_/Users/ben/Documents/GitHub/pico-sdk/src/rp2_common/hardware_dma/dma.c.obj
                0x1000c494                dma_channel_unclaim
 .text.dma_claim_unused_channel
                0x1000c4a4       0x20 CMakeFiles/picow_takeover.dir/C_/Users/ben/Documents/GitHub/pico-sdk/src/rp2_common/hardware_dma/dma.c.obj
                0x1000c4a4                dma_claim_unused_channel
 .text.lwip_init
                0x1000c4c4       0x24 CMakeFiles/picow_takeover.dir/C_/Users/ben/Documents/GitHub/pico-sdk/lib/lwip/src/core/init.c.obj
                0x1000c4c4                lwip_init
 .text.lwip_htons
                0x1000c4e8        0x8 CMakeFiles/picow_takeover.dir/C_/Users/ben/Documents/GitHub/pico-sdk/lib/lwip/src/core/def.c.obj
                0x1000c4e8                lwip_htons
 .text.lwip_htonl
                0x1000c4f0        0x4 CMakeFiles/picow_takeover.dir/C_/Users/ben/Documents/GitHub/pico-sdk/lib/lwip/src/core/def.c.obj
                0x1000c4f0                lwip_htonl
 .text.dns_call_found
                0x1000c4f4      0x134 CMakeFiles/picow_takeover.dir/C_/Users/ben/Documents/GitHub/pico-sdk/lib/lwip/src/core/dns.c.obj
 .text.dns_send.isra.0
                0x1000c628      0x158 CMakeFiles/picow_takeover.dir/C_/Users/ben/Documents/GitHub/pico-sdk/lib/lwip/src/core/dns.c.obj
 .text.dns_init
                0x1000c780        0x4 CMakeFiles/picow_takeover.dir/C_/Users/ben/Documents/GitHub/pico-sdk/lib/lwip/src/core/dns.c.obj
                0x1000c780                dns_init
 .text.dns_setserver
                0x1000c784       0x2c CMakeFiles/picow_takeover.dir/C_/Users/ben/Documents/GitHub/pico-sdk/lib/lwip/src/core/dns.c.obj
                0x1000c784                dns_setserver
 .text.dns_tmr  0x1000c7b0      0x12c CMakeFiles/picow_takeover.dir/C_/Users/ben/Documents/GitHub/pico-sdk/lib/lwip/src/core/dns.c.obj
                0x1000c7b0                dns_tmr
 .text.lwip_standard_chksum
                0x1000c8dc       0xd8 CMakeFiles/picow_takeover.dir/C_/Users/ben/Documents/GitHub/pico-sdk/lib/lwip/src/core/inet_chksum.c.obj
                0x1000c8dc                lwip_standard_chksum
 .text.inet_chksum_pseudo
                0x1000c9b4       0xb4 CMakeFiles/picow_takeover.dir/C_/Users/ben/Documents/GitHub/pico-sdk/lib/lwip/src/core/inet_chksum.c.obj
                0x1000c9b4                inet_chksum_pseudo
 .text.ip_chksum_pseudo
                0x1000ca68       0x10 CMakeFiles/picow_takeover.dir/C_/Users/ben/Documents/GitHub/pico-sdk/lib/lwip/src/core/inet_chksum.c.obj
                0x1000ca68                ip_chksum_pseudo
 .text.inet_chksum
                0x1000ca78        0xc CMakeFiles/picow_takeover.dir/C_/Users/ben/Documents/GitHub/pico-sdk/lib/lwip/src/core/inet_chksum.c.obj
                0x1000ca78                inet_chksum
 .text.inet_chksum_pbuf
                0x1000ca84       0x6c CMakeFiles/picow_takeover.dir/C_/Users/ben/Documents/GitHub/pico-sdk/lib/lwip/src/core/inet_chksum.c.obj
                0x1000ca84                inet_chksum_pbuf
 .text.mem_init
                0x1000caf0        0x4 CMakeFiles/picow_takeover.dir/C_/Users/ben/Documents/GitHub/pico-sdk/lib/lwip/src/core/mem.c.obj
                0x1000caf0                mem_init
 .text.mem_trim
                0x1000caf4        0x4 CMakeFiles/picow_takeover.dir/C_/Users/ben/Documents/GitHub/pico-sdk/lib/lwip/src/core/mem.c.obj
                0x1000caf4                mem_trim
 .text.mem_malloc
                0x1000caf8       0x18 CMakeFiles/picow_takeover.dir/C_/Users/ben/Documents/GitHub/pico-sdk/lib/lwip/src/core/mem.c.obj
                0x1000caf8                mem_malloc
 .text.mem_free
                0x1000cb10        0x8 CMakeFiles/picow_takeover.dir/C_/Users/ben/Documents/GitHub/pico-sdk/lib/lwip/src/core/mem.c.obj
                0x1000cb10                mem_free
 .text.memp_init
                0x1000cb18       0x6c CMakeFiles/picow_takeover.dir/C_/Users/ben/Documents/GitHub/pico-sdk/lib/lwip/src/core/memp.c.obj
                0x1000cb18                memp_init
 .text.memp_malloc
                0x1000cb84       0x3c CMakeFiles/picow_takeover.dir/C_/Users/ben/Documents/GitHub/pico-sdk/lib/lwip/src/core/memp.c.obj
                0x1000cb84                memp_malloc
 .text.memp_free
                0x1000cbc0       0x34 CMakeFiles/picow_takeover.dir/C_/Users/ben/Documents/GitHub/pico-sdk/lib/lwip/src/core/memp.c.obj
                0x1000cbc0                memp_free
 .text.netif_null_output_ip4
                0x1000cbf4        0x8 CMakeFiles/picow_takeover.dir/C_/Users/ben/Documents/GitHub/pico-sdk/lib/lwip/src/core/netif.c.obj
 .text.netif_init
                0x1000cbfc        0x4 CMakeFiles/picow_takeover.dir/C_/Users/ben/Documents/GitHub/pico-sdk/lib/lwip/src/core/netif.c.obj
                0x1000cbfc                netif_init
 .text.netif_set_addr
                0x1000cc00       0xf0 CMakeFiles/picow_takeover.dir/C_/Users/ben/Documents/GitHub/pico-sdk/lib/lwip/src/core/netif.c.obj
                0x1000cc00                netif_set_addr
 .text.netif_add
                0x1000ccf0      0x104 CMakeFiles/picow_takeover.dir/C_/Users/ben/Documents/GitHub/pico-sdk/lib/lwip/src/core/netif.c.obj
                0x1000ccf0                netif_add
 .text.netif_remove
                0x1000cdf4       0x94 CMakeFiles/picow_takeover.dir/C_/Users/ben/Documents/GitHub/pico-sdk/lib/lwip/src/core/netif.c.obj
                0x1000cdf4                netif_remove
 .text.netif_set_default
                0x1000ce88        0xc CMakeFiles/picow_takeover.dir/C_/Users/ben/Documents/GitHub/pico-sdk/lib/lwip/src/core/netif.c.obj
                0x1000ce88                netif_set_default
 .text.netif_set_up
                0x1000ce94       0x4c CMakeFiles/picow_takeover.dir/C_/Users/ben/Documents/GitHub/pico-sdk/lib/lwip/src/core/netif.c.obj
                0x1000ce94                netif_set_up
 .text.netif_set_link_up
                0x1000cee0       0x50 CMakeFiles/picow_takeover.dir/C_/Users/ben/Documents/GitHub/pico-sdk/lib/lwip/src/core/netif.c.obj
                0x1000cee0                netif_set_link_up
 .text.netif_set_link_down
                0x1000cf30       0x2c CMakeFiles/picow_takeover.dir/C_/Users/ben/Documents/GitHub/pico-sdk/lib/lwip/src/core/netif.c.obj
                0x1000cf30                netif_set_link_down
 .text.netif_get_by_index
                0x1000cf5c       0x2c CMakeFiles/picow_takeover.dir/C_/Users/ben/Documents/GitHub/pico-sdk/lib/lwip/src/core/netif.c.obj
                0x1000cf5c                netif_get_by_index
 .text.pbuf_free_ooseq
                0x1000cf88       0x34 CMakeFiles/picow_takeover.dir/C_/Users/ben/Documents/GitHub/pico-sdk/lib/lwip/src/core/pbuf.c.obj
                0x1000cf88                pbuf_free_ooseq
 .text.pbuf_alloc
                0x1000cfbc      0x16c CMakeFiles/picow_takeover.dir/C_/Users/ben/Documents/GitHub/pico-sdk/lib/lwip/src/core/pbuf.c.obj
                0x1000cfbc                pbuf_alloc
 .text.pbuf_realloc
                0x1000d128       0xbc CMakeFiles/picow_takeover.dir/C_/Users/ben/Documents/GitHub/pico-sdk/lib/lwip/src/core/pbuf.c.obj
                0x1000d128                pbuf_realloc
 .text.pbuf_add_header
                0x1000d1e4       0x4c CMakeFiles/picow_takeover.dir/C_/Users/ben/Documents/GitHub/pico-sdk/lib/lwip/src/core/pbuf.c.obj
                0x1000d1e4                pbuf_add_header
 .text.pbuf_remove_header
                0x1000d230       0x48 CMakeFiles/picow_takeover.dir/C_/Users/ben/Documents/GitHub/pico-sdk/lib/lwip/src/core/pbuf.c.obj
                0x1000d230                pbuf_remove_header
 .text.pbuf_header_force
                0x1000d278       0x78 CMakeFiles/picow_takeover.dir/C_/Users/ben/Documents/GitHub/pico-sdk/lib/lwip/src/core/pbuf.c.obj
                0x1000d278                pbuf_header_force
 .text.pbuf_free
                0x1000d2f0       0x64 CMakeFiles/picow_takeover.dir/C_/Users/ben/Documents/GitHub/pico-sdk/lib/lwip/src/core/pbuf.c.obj
                0x1000d2f0                pbuf_free
 .text.pbuf_clen
                0x1000d354       0x14 CMakeFiles/picow_takeover.dir/C_/Users/ben/Documents/GitHub/pico-sdk/lib/lwip/src/core/pbuf.c.obj
                0x1000d354                pbuf_clen
 .text.pbuf_ref
                0x1000d368       0x18 CMakeFiles/picow_takeover.dir/C_/Users/ben/Documents/GitHub/pico-sdk/lib/lwip/src/core/pbuf.c.obj
                0x1000d368                pbuf_ref
 .text.pbuf_cat
                0x1000d380       0x38 CMakeFiles/picow_takeover.dir/C_/Users/ben/Documents/GitHub/pico-sdk/lib/lwip/src/core/pbuf.c.obj
                0x1000d380                pbuf_cat
 .text.pbuf_chain
                0x1000d3b8       0x54 CMakeFiles/picow_takeover.dir/C_/Users/ben/Documents/GitHub/pico-sdk/lib/lwip/src/core/pbuf.c.obj
                0x1000d3b8                pbuf_chain
 .text.pbuf_copy_partial_pbuf
                0x1000d40c      0x15c CMakeFiles/picow_takeover.dir/C_/Users/ben/Documents/GitHub/pico-sdk/lib/lwip/src/core/pbuf.c.obj
                0x1000d40c                pbuf_copy_partial_pbuf
 .text.pbuf_copy
                0x1000d568       0x20 CMakeFiles/picow_takeover.dir/C_/Users/ben/Documents/GitHub/pico-sdk/lib/lwip/src/core/pbuf.c.obj
                0x1000d568                pbuf_copy
 .text.pbuf_copy_partial
                0x1000d588       0x8c CMakeFiles/picow_takeover.dir/C_/Users/ben/Documents/GitHub/pico-sdk/lib/lwip/src/core/pbuf.c.obj
                0x1000d588                pbuf_copy_partial
 .text.pbuf_take
                0x1000d614       0x78 CMakeFiles/picow_takeover.dir/C_/Users/ben/Documents/GitHub/pico-sdk/lib/lwip/src/core/pbuf.c.obj
                0x1000d614                pbuf_take
 .text.pbuf_take_at
                0x1000d68c       0xb8 CMakeFiles/picow_takeover.dir/C_/Users/ben/Documents/GitHub/pico-sdk/lib/lwip/src/core/pbuf.c.obj
                0x1000d68c                pbuf_take_at
 .text.pbuf_clone
                0x1000d744       0x20 CMakeFiles/picow_takeover.dir/C_/Users/ben/Documents/GitHub/pico-sdk/lib/lwip/src/core/pbuf.c.obj
                0x1000d744                pbuf_clone
 .text.pbuf_put_at
                0x1000d764       0x1c CMakeFiles/picow_takeover.dir/C_/Users/ben/Documents/GitHub/pico-sdk/lib/lwip/src/core/pbuf.c.obj
                0x1000d764                pbuf_put_at
 .text.raw_input
                0x1000d780      0x12c CMakeFiles/picow_takeover.dir/C_/Users/ben/Documents/GitHub/pico-sdk/lib/lwip/src/core/raw.c.obj
                0x1000d780                raw_input
 .text.raw_netif_ip_addr_changed
                0x1000d8ac       0x40 CMakeFiles/picow_takeover.dir/C_/Users/ben/Documents/GitHub/pico-sdk/lib/lwip/src/core/raw.c.obj
                0x1000d8ac                raw_netif_ip_addr_changed
 .text.stats_init
                0x1000d8ec        0x4 CMakeFiles/picow_takeover.dir/C_/Users/ben/Documents/GitHub/pico-sdk/lib/lwip/src/core/stats.c.obj
                0x1000d8ec                stats_init
 .text.tcp_close_shutdown_fin
                0x1000d8f0       0x4c CMakeFiles/picow_takeover.dir/C_/Users/ben/Documents/GitHub/pico-sdk/lib/lwip/src/core/tcp.c.obj
 .text.tcp_pcb_purge.part.0
                0x1000d93c       0xc4 CMakeFiles/picow_takeover.dir/C_/Users/ben/Documents/GitHub/pico-sdk/lib/lwip/src/core/tcp.c.obj
 .text.tcp_init
                0x1000da00       0x20 CMakeFiles/picow_takeover.dir/C_/Users/ben/Documents/GitHub/pico-sdk/lib/lwip/src/core/tcp.c.obj
                0x1000da00                tcp_init
 .text.tcp_free
                0x1000da20        0xc CMakeFiles/picow_takeover.dir/C_/Users/ben/Documents/GitHub/pico-sdk/lib/lwip/src/core/tcp.c.obj
                0x1000da20                tcp_free
 .text.tcp_bind
                0x1000da2c      0x10c CMakeFiles/picow_takeover.dir/C_/Users/ben/Documents/GitHub/pico-sdk/lib/lwip/src/core/tcp.c.obj
                0x1000da2c                tcp_bind
 .text.tcp_listen_with_backlog
                0x1000db38       0xa4 CMakeFiles/picow_takeover.dir/C_/Users/ben/Documents/GitHub/pico-sdk/lib/lwip/src/core/tcp.c.obj
                0x1000db38                tcp_listen_with_backlog
 .text.tcp_update_rcv_ann_wnd
                0x1000dbdc       0x3c CMakeFiles/picow_takeover.dir/C_/Users/ben/Documents/GitHub/pico-sdk/lib/lwip/src/core/tcp.c.obj
                0x1000dbdc                tcp_update_rcv_ann_wnd
 .text.tcp_recved
                0x1000dc18       0x80 CMakeFiles/picow_takeover.dir/C_/Users/ben/Documents/GitHub/pico-sdk/lib/lwip/src/core/tcp.c.obj
                0x1000dc18                tcp_recved
 .text.tcp_slowtmr
                0x1000dc98      0x434 CMakeFiles/picow_takeover.dir/C_/Users/ben/Documents/GitHub/pico-sdk/lib/lwip/src/core/tcp.c.obj
                0x1000dc98                tcp_slowtmr
 .text.tcp_segs_free
                0x1000e0cc       0x38 CMakeFiles/picow_takeover.dir/C_/Users/ben/Documents/GitHub/pico-sdk/lib/lwip/src/core/tcp.c.obj
                0x1000e0cc                tcp_segs_free
 .text.tcp_seg_free
                0x1000e104       0x1c CMakeFiles/picow_takeover.dir/C_/Users/ben/Documents/GitHub/pico-sdk/lib/lwip/src/core/tcp.c.obj
                0x1000e104                tcp_seg_free
 .text.tcp_seg_copy
                0x1000e120       0x20 CMakeFiles/picow_takeover.dir/C_/Users/ben/Documents/GitHub/pico-sdk/lib/lwip/src/core/tcp.c.obj
                0x1000e120                tcp_seg_copy
 .text.tcp_arg  0x1000e140        0x8 CMakeFiles/picow_takeover.dir/C_/Users/ben/Documents/GitHub/pico-sdk/lib/lwip/src/core/tcp.c.obj
                0x1000e140                tcp_arg
 .text.tcp_recv
                0x1000e148        0xc CMakeFiles/picow_takeover.dir/C_/Users/ben/Documents/GitHub/pico-sdk/lib/lwip/src/core/tcp.c.obj
                0x1000e148                tcp_recv
 .text.tcp_sent
                0x1000e154        0xc CMakeFiles/picow_takeover.dir/C_/Users/ben/Documents/GitHub/pico-sdk/lib/lwip/src/core/tcp.c.obj
                0x1000e154                tcp_sent
 .text.tcp_err  0x1000e160        0xc CMakeFiles/picow_takeover.dir/C_/Users/ben/Documents/GitHub/pico-sdk/lib/lwip/src/core/tcp.c.obj
                0x1000e160                tcp_err
 .text.tcp_accept
                0x1000e16c       0x10 CMakeFiles/picow_takeover.dir/C_/Users/ben/Documents/GitHub/pico-sdk/lib/lwip/src/core/tcp.c.obj
                0x1000e16c                tcp_accept
 .text.tcp_poll
                0x1000e17c       0x1c CMakeFiles/picow_takeover.dir/C_/Users/ben/Documents/GitHub/pico-sdk/lib/lwip/src/core/tcp.c.obj
                0x1000e17c                tcp_poll
 .text.tcp_pcb_purge
                0x1000e198       0x24 CMakeFiles/picow_takeover.dir/C_/Users/ben/Documents/GitHub/pico-sdk/lib/lwip/src/core/tcp.c.obj
                0x1000e198                tcp_pcb_purge
 .text.tcp_pcb_remove
                0x1000e1bc       0x78 CMakeFiles/picow_takeover.dir/C_/Users/ben/Documents/GitHub/pico-sdk/lib/lwip/src/core/tcp.c.obj
                0x1000e1bc                tcp_pcb_remove
 .text.tcp_abandon
                0x1000e234      0x194 CMakeFiles/picow_takeover.dir/C_/Users/ben/Documents/GitHub/pico-sdk/lib/lwip/src/core/tcp.c.obj
                0x1000e234                tcp_abandon
 .text.tcp_abort
                0x1000e3c8        0xc CMakeFiles/picow_takeover.dir/C_/Users/ben/Documents/GitHub/pico-sdk/lib/lwip/src/core/tcp.c.obj
                0x1000e3c8                tcp_abort
 .text.tcp_accept_null
                0x1000e3d4       0x10 CMakeFiles/picow_takeover.dir/C_/Users/ben/Documents/GitHub/pico-sdk/lib/lwip/src/core/tcp.c.obj
 .text.tcp_alloc
                0x1000e3e4      0x1cc CMakeFiles/picow_takeover.dir/C_/Users/ben/Documents/GitHub/pico-sdk/lib/lwip/src/core/tcp.c.obj
                0x1000e3e4                tcp_alloc
 .text.tcp_new_ip_type
                0x1000e5b0      0x1ac CMakeFiles/picow_takeover.dir/C_/Users/ben/Documents/GitHub/pico-sdk/lib/lwip/src/core/tcp.c.obj
                0x1000e5b0                tcp_new_ip_type
 .text.tcp_close_shutdown
                0x1000e75c      0x14c CMakeFiles/picow_takeover.dir/C_/Users/ben/Documents/GitHub/pico-sdk/lib/lwip/src/core/tcp.c.obj
 .text.tcp_recv_null
                0x1000e8a8       0xb4 CMakeFiles/picow_takeover.dir/C_/Users/ben/Documents/GitHub/pico-sdk/lib/lwip/src/core/tcp.c.obj
                0x1000e8a8                tcp_recv_null
 .text.tcp_process_refused_data
                0x1000e95c       0xf4 CMakeFiles/picow_takeover.dir/C_/Users/ben/Documents/GitHub/pico-sdk/lib/lwip/src/core/tcp.c.obj
                0x1000e95c                tcp_process_refused_data
 .text.tcp_fasttmr
                0x1000ea50       0x98 CMakeFiles/picow_takeover.dir/C_/Users/ben/Documents/GitHub/pico-sdk/lib/lwip/src/core/tcp.c.obj
                0x1000ea50                tcp_fasttmr
 .text.tcp_tmr  0x1000eae8       0x20 CMakeFiles/picow_takeover.dir/C_/Users/ben/Documents/GitHub/pico-sdk/lib/lwip/src/core/tcp.c.obj
                0x1000eae8                tcp_tmr
 .text.tcp_close
                0x1000eb08      0x164 CMakeFiles/picow_takeover.dir/C_/Users/ben/Documents/GitHub/pico-sdk/lib/lwip/src/core/tcp.c.obj
                0x1000eb08                tcp_close
 .text.tcp_next_iss
                0x1000ec6c       0x18 CMakeFiles/picow_takeover.dir/C_/Users/ben/Documents/GitHub/pico-sdk/lib/lwip/src/core/tcp.c.obj
                0x1000ec6c                tcp_next_iss
 .text.tcp_eff_send_mss_netif
                0x1000ec84       0x28 CMakeFiles/picow_takeover.dir/C_/Users/ben/Documents/GitHub/pico-sdk/lib/lwip/src/core/tcp.c.obj
                0x1000ec84                tcp_eff_send_mss_netif
 .text.tcp_netif_ip_addr_changed
                0x1000ecac       0x9c CMakeFiles/picow_takeover.dir/C_/Users/ben/Documents/GitHub/pico-sdk/lib/lwip/src/core/tcp.c.obj
                0x1000ecac                tcp_netif_ip_addr_changed
 .text.tcp_free_ooseq
                0x1000ed48       0x40 CMakeFiles/picow_takeover.dir/C_/Users/ben/Documents/GitHub/pico-sdk/lib/lwip/src/core/tcp.c.obj
                0x1000ed48                tcp_free_ooseq
 .text.tcp_parseopt
                0x1000ed88      0x180 CMakeFiles/picow_takeover.dir/C_/Users/ben/Documents/GitHub/pico-sdk/lib/lwip/src/core/tcp_in.c.obj
 .text.tcp_oos_insert_segment
                0x1000ef08       0xd4 CMakeFiles/picow_takeover.dir/C_/Users/ben/Documents/GitHub/pico-sdk/lib/lwip/src/core/tcp_in.c.obj
 .text.tcp_receive
                0x1000efdc      0xa3c CMakeFiles/picow_takeover.dir/C_/Users/ben/Documents/GitHub/pico-sdk/lib/lwip/src/core/tcp_in.c.obj
 .text.tcp_input
                0x1000fa18      0xc64 CMakeFiles/picow_takeover.dir/C_/Users/ben/Documents/GitHub/pico-sdk/lib/lwip/src/core/tcp_in.c.obj
                0x1000fa18                tcp_input
 .text.tcp_trigger_input_pcb_close
                0x1001067c       0x10 CMakeFiles/picow_takeover.dir/C_/Users/ben/Documents/GitHub/pico-sdk/lib/lwip/src/core/tcp_in.c.obj
                0x1001067c                tcp_trigger_input_pcb_close
 .text.tcp_create_segment
                0x1001068c       0xd0 CMakeFiles/picow_takeover.dir/C_/Users/ben/Documents/GitHub/pico-sdk/lib/lwip/src/core/tcp_out.c.obj
 .text.tcp_output_control_segment
                0x1001075c       0xb4 CMakeFiles/picow_takeover.dir/C_/Users/ben/Documents/GitHub/pico-sdk/lib/lwip/src/core/tcp_out.c.obj
 .text.tcp_write
                0x10010810      0x33c CMakeFiles/picow_takeover.dir/C_/Users/ben/Documents/GitHub/pico-sdk/lib/lwip/src/core/tcp_out.c.obj
                0x10010810                tcp_write
 .text.tcp_split_unsent_seg
                0x10010b4c      0x1a0 CMakeFiles/picow_takeover.dir/C_/Users/ben/Documents/GitHub/pico-sdk/lib/lwip/src/core/tcp_out.c.obj
                0x10010b4c                tcp_split_unsent_seg
 .text.tcp_send_fin